2026-08-18 09:37:52,669 WARNING database DDL Query made to DB:
create table `tabRack Level Bin` (
			name varchar(140) primary key,
			creation datetime(6),
			modified datetime(6),
			modified_by varchar(140),
			owner varchar(140),
			docstatus tinyint not null default '0',
			idx int not null default '0',
			parent varchar(140),
parentfield varchar(140),
parenttype varchar(140),
index parent(parent))
			ENGINE=InnoDB
			ROW_FORMAT=DYNAMIC
			CHARACTER SET=utf8mb4
			COLLATE=utf8mb4_unicode_ci
2026-08-18 11:47:21,294 WARNING database DDL Query made to DB:
ALTER TABLE `tabStock Entry Detail` ADD COLUMN `rack` varchar(140), ADD COLUMN `to_rack` varchar(140)
2026-08-18 11:47:21,334 WARNING database DDL Query made to DB:
ALTER TABLE `tabStock Entry Detail` ADD INDEX `rack_index`(`rack`)
2026-08-18 11:47:21,451 WARNING database DDL Query made to DB:
ALTER TABLE `tabPacking Slip Item` ADD COLUMN `rack` varchar(140)
2026-08-18 11:47:21,484 WARNING database DDL Query made to DB:
ALTER TABLE `tabPacking Slip Item` ADD INDEX `rack_index`(`rack`)
2026-08-18 11:47:21,655 WARNING database DDL Query made to DB:
ALTER TABLE `tabPacked Item` ADD COLUMN `rack` varchar(140)
2026-08-18 11:47:21,689 WARNING database DDL Query made to DB:
ALTER TABLE `tabPacked Item` ADD INDEX `rack_index`(`rack`)
2026-08-18 11:47:21,789 WARNING database DDL Query made to DB:
ALTER TABLE `tabPOS Invoice Item` ADD COLUMN `rack` varchar(140)
2026-08-18 11:47:21,820 WARNING database DDL Query made to DB:
ALTER TABLE `tabPOS Invoice Item` ADD INDEX `rack_index`(`rack`)
2026-08-18 11:47:21,991 WARNING database DDL Query made to DB:
ALTER TABLE `tabPurchase Invoice Item` ADD COLUMN `rack` varchar(140), ADD COLUMN `rejected_rack` varchar(140), ADD COLUMN `from_rack` varchar(140)
2026-08-18 11:47:22,047 WARNING database DDL Query made to DB:
ALTER TABLE `tabPurchase Invoice Item` ADD INDEX `rack_index`(`rack`), ADD INDEX `rejected_rack_index`(`rejected_rack`)
2026-08-18 11:47:22,190 WARNING database DDL Query made to DB:
ALTER TABLE `tabStock Reconciliation Item` ADD COLUMN `rack` varchar(140)
2026-08-18 11:47:22,226 WARNING database DDL Query made to DB:
ALTER TABLE `tabStock Reconciliation Item` ADD INDEX `rack_index`(`rack`)
2026-08-18 11:47:22,416 WARNING database DDL Query made to DB:
ALTER TABLE `tabPurchase Receipt Item` ADD COLUMN `rack` varchar(140), ADD COLUMN `rejected_rack` varchar(140), ADD COLUMN `from_rack` varchar(140)
2026-08-18 11:47:22,465 WARNING database DDL Query made to DB:
ALTER TABLE `tabPurchase Receipt Item` ADD INDEX `rack_index`(`rack`), ADD INDEX `rejected_rack_index`(`rejected_rack`)
2026-08-18 11:47:22,597 WARNING database DDL Query made to DB:
ALTER TABLE `tabStock Ledger Entry` ADD COLUMN `rack` varchar(140)
2026-08-18 11:47:22,637 WARNING database DDL Query made to DB:
ALTER TABLE `tabStock Ledger Entry` ADD INDEX `rack_index`(`rack`)
2026-08-18 11:47:22,775 WARNING database DDL Query made to DB:
ALTER TABLE `tabQuality Inspection` ADD COLUMN `rack` varchar(140)
2026-08-18 11:47:22,808 WARNING database DDL Query made to DB:
ALTER TABLE `tabQuality Inspection` ADD INDEX `rack_index`(`rack`)
2026-08-18 11:47:22,956 WARNING database DDL Query made to DB:
ALTER TABLE `tabSubcontracting Receipt Supplied Item` ADD COLUMN `rack` varchar(140)
2026-08-18 11:47:22,996 WARNING database DDL Query made to DB:
ALTER TABLE `tabSubcontracting Receipt Supplied Item` ADD INDEX `rack_index`(`rack`), ADD INDEX `modified`(`modified`)
2026-08-18 11:47:23,124 WARNING database DDL Query made to DB:
ALTER TABLE `tabSubcontracting Receipt Item` ADD COLUMN `rack` varchar(140)
2026-08-18 11:47:23,159 WARNING database DDL Query made to DB:
ALTER TABLE `tabSubcontracting Receipt Item` ADD INDEX `rack_index`(`rack`), ADD INDEX `modified`(`modified`)
2026-08-18 11:47:23,242 WARNING database DDL Query made to DB:
ALTER TABLE `tabWarranty Claim` ADD COLUMN `rack` varchar(140)
2026-08-18 11:47:23,278 WARNING database DDL Query made to DB:
ALTER TABLE `tabWarranty Claim` ADD INDEX `rack_index`(`rack`)
2026-08-18 11:47:23,400 WARNING database DDL Query made to DB:
ALTER TABLE `tabPutaway Rule` ADD COLUMN `rack` varchar(140)
2026-08-18 11:47:23,433 WARNING database DDL Query made to DB:
ALTER TABLE `tabPutaway Rule` ADD INDEX `rack_index`(`rack`)
2026-08-18 11:47:23,649 WARNING database DDL Query made to DB:
ALTER TABLE `tabSales Invoice Item` ADD COLUMN `rack` varchar(140), ADD COLUMN `to_rack` varchar(140)
2026-08-18 11:47:23,688 WARNING database DDL Query made to DB:
ALTER TABLE `tabSales Invoice Item` ADD INDEX `rack_index`(`rack`)
2026-08-18 11:47:23,814 WARNING database DDL Query made to DB:
ALTER TABLE `tabStock Closing Balance` ADD COLUMN `rack` varchar(140)
2026-08-18 11:47:23,848 WARNING database DDL Query made to DB:
ALTER TABLE `tabStock Closing Balance` ADD INDEX `rack_index`(`rack`)
2026-08-18 11:47:24,033 WARNING database DDL Query made to DB:
ALTER TABLE `tabDelivery Note Item` ADD COLUMN `rack` varchar(140), ADD COLUMN `to_rack` varchar(140)
2026-08-18 11:47:24,069 WARNING database DDL Query made to DB:
ALTER TABLE `tabDelivery Note Item` ADD INDEX `rack_index`(`rack`)
2026-08-18 11:47:24,201 WARNING database DDL Query made to DB:
ALTER TABLE `tabAsset Capitalization Stock Item` ADD COLUMN `rack` varchar(140)
2026-08-18 11:47:24,234 WARNING database DDL Query made to DB:
ALTER TABLE `tabAsset Capitalization Stock Item` ADD INDEX `rack_index`(`rack`)
2026-08-18 11:47:24,382 WARNING database DDL Query made to DB:
ALTER TABLE `tabJob Card` ADD COLUMN `rack` varchar(140)
2026-08-18 11:47:24,415 WARNING database DDL Query made to DB:
ALTER TABLE `tabJob Card` ADD INDEX `rack_index`(`rack`)
2026-08-18 11:47:24,555 WARNING database DDL Query made to DB:
ALTER TABLE `tabPurchase Receipt Item Supplied` ADD COLUMN `rack` varchar(140)
2026-08-18 11:47:24,587 WARNING database DDL Query made to DB:
ALTER TABLE `tabPurchase Receipt Item Supplied` ADD INDEX `rack_index`(`rack`)
2026-08-18 12:08:18,565 WARNING database DDL Query made to DB:
alter table `tabRack Level Bin` add column if not exists parent varchar(140)
2026-08-18 12:08:18,568 WARNING database DDL Query made to DB:
alter table `tabRack Level Bin` add column if not exists parenttype varchar(140)
2026-08-18 12:08:18,571 WARNING database DDL Query made to DB:
alter table `tabRack Level Bin` add column if not exists parentfield varchar(140)
2026-08-18 12:20:05,591 WARNING database DDL Query made to DB:
alter table `tabRack Level Bin` add column if not exists parent varchar(140)
2026-08-18 12:20:05,592 WARNING database DDL Query made to DB:
alter table `tabRack Level Bin` add column if not exists parenttype varchar(140)
2026-08-18 12:20:05,593 WARNING database DDL Query made to DB:
alter table `tabRack Level Bin` add column if not exists parentfield varchar(140)
2026-08-18 12:20:05,695 WARNING database DDL Query made to DB:
ALTER TABLE `tabRack Level Bin` ADD COLUMN `level_no` int(11) NOT NULL DEFAULT 0, ADD COLUMN `bin_code` varchar(140), ADD COLUMN `bin_type` varchar(140), ADD COLUMN `capacity` decimal(21,9) NOT NULL DEFAULT 0.0, ADD COLUMN `max_weight` decimal(21,9) NOT NULL DEFAULT 0.0, ADD COLUMN `status` varchar(140), ADD COLUMN `barcode` varchar(140)
2026-08-18 13:27:31,574 WARNING database DDL Query made to DB:
create table `tabStorage Location` (
			name varchar(140) primary key,
			creation datetime(6),
			modified datetime(6),
			modified_by varchar(140),
			owner varchar(140),
			docstatus tinyint not null default '0',
			idx int not null default '0',
			`_user_tags` text,
`_comments` text,
`_assign` text,
`_liked_by` text,
index creation(creation))
			ENGINE=InnoDB
			ROW_FORMAT=DYNAMIC
			CHARACTER SET=utf8mb4
			COLLATE=utf8mb4_unicode_ci
2026-08-18 13:55:42,434 WARNING database DDL Query made to DB:
ALTER TABLE `tabStorage Location` ADD COLUMN `location_name` varchar(140), ADD COLUMN `warehouse` varchar(140), ADD COLUMN `rack` varchar(140), ADD COLUMN `level` varchar(140), ADD COLUMN `bin` varchar(140), ADD COLUMN `location_type` varchar(140), ADD COLUMN `is_active` tinyint(4) NOT NULL DEFAULT 0
2026-08-18 16:22:12,515 WARNING database DDL Query made to DB:
create table `tabWMS Level` (
			name varchar(140) primary key,
			creation datetime(6),
			modified datetime(6),
			modified_by varchar(140),
			owner varchar(140),
			docstatus tinyint not null default '0',
			idx int not null default '0',
			`_user_tags` text,
`_comments` text,
`_assign` text,
`_liked_by` text,
index creation(creation))
			ENGINE=InnoDB
			ROW_FORMAT=DYNAMIC
			CHARACTER SET=utf8mb4
			COLLATE=utf8mb4_unicode_ci
2026-08-18 16:27:40,121 WARNING database DDL Query made to DB:
ALTER TABLE `tabWMS Level` ADD COLUMN `level_name` varchar(140), ADD COLUMN `rack` varchar(140)
2026-08-18 16:28:14,164 WARNING database DDL Query made to DB:
create table `tabWMS Bin` (
			name varchar(140) primary key,
			creation datetime(6),
			modified datetime(6),
			modified_by varchar(140),
			owner varchar(140),
			docstatus tinyint not null default '0',
			idx int not null default '0',
			`_user_tags` text,
`_comments` text,
`_assign` text,
`_liked_by` text,
index creation(creation))
			ENGINE=InnoDB
			ROW_FORMAT=DYNAMIC
			CHARACTER SET=utf8mb4
			COLLATE=utf8mb4_unicode_ci
2026-08-18 16:30:45,463 WARNING database DDL Query made to DB:
ALTER TABLE `tabWMS Bin` ADD COLUMN `bin_name` varchar(140), ADD COLUMN `level` varchar(140), ADD COLUMN `capacity` decimal(21,9) NOT NULL DEFAULT 0.0, ADD COLUMN `status` varchar(140)
2026-08-18 16:33:59,106 WARNING database DDL Query made to DB:
alter table `tabWMS Bin` add column if not exists parent varchar(140)
2026-08-18 16:33:59,132 WARNING database DDL Query made to DB:
alter table `tabWMS Bin` add column if not exists parenttype varchar(140)
2026-08-18 16:33:59,159 WARNING database DDL Query made to DB:
alter table `tabWMS Bin` add column if not exists parentfield varchar(140)
2026-08-18 17:04:17,810 WARNING database DDL Query made to DB:
alter table `tabWMS Level` add column if not exists parent varchar(140)
2026-08-18 17:04:17,836 WARNING database DDL Query made to DB:
alter table `tabWMS Level` add column if not exists parenttype varchar(140)
2026-08-18 17:04:17,863 WARNING database DDL Query made to DB:
alter table `tabWMS Level` add column if not exists parentfield varchar(140)
2026-08-18 17:08:28,825 WARNING database DDL Query made to DB:
ALTER TABLE `tabStorage Location` ADD UNIQUE INDEX IF NOT EXISTS location_name (`location_name`)
2026-08-18 17:17:55,445 WARNING database DDL Query made to DB:
create table `tabWMS Bin Stock` (
			name varchar(140) primary key,
			creation datetime(6),
			modified datetime(6),
			modified_by varchar(140),
			owner varchar(140),
			docstatus tinyint not null default '0',
			idx int not null default '0',
			`_user_tags` text,
`_comments` text,
`_assign` text,
`_liked_by` text,
index creation(creation))
			ENGINE=InnoDB
			ROW_FORMAT=DYNAMIC
			CHARACTER SET=utf8mb4
			COLLATE=utf8mb4_unicode_ci
2026-08-18 17:33:35,576 WARNING database DDL Query made to DB:
ALTER TABLE `tabWMS Bin Stock` ADD COLUMN `item` varchar(140), ADD COLUMN `warehouse` varchar(140), ADD COLUMN `link` varchar(140), ADD COLUMN `level` varchar(140), ADD COLUMN `bin` varchar(140), ADD COLUMN `quantity` decimal(21,9) NOT NULL DEFAULT 0.0, ADD COLUMN `uom` varchar(140)
2026-08-19 11:20:49,433 WARNING database DDL Query made to DB:
ALTER TABLE `tabWMS Bin Stock` ADD COLUMN `rack` varchar(140), ADD COLUMN `storage_location` varchar(140), ADD COLUMN `reserved_quantity` decimal(21,9) NOT NULL DEFAULT 0.0, ADD COLUMN `available_quantity` decimal(21,9) NOT NULL DEFAULT 0.0, ADD COLUMN `last_stock_update` datetime(6)
2026-08-19 12:15:16,742 WARNING database DDL Query made to DB:
create table `tabWMS Stock Movement` (
			name varchar(140) primary key,
			creation datetime(6),
			modified datetime(6),
			modified_by varchar(140),
			owner varchar(140),
			docstatus tinyint not null default '0',
			idx int not null default '0',
			`_user_tags` text,
`_comments` text,
`_assign` text,
`_liked_by` text,
index creation(creation))
			ENGINE=InnoDB
			ROW_FORMAT=DYNAMIC
			CHARACTER SET=utf8mb4
			COLLATE=utf8mb4_unicode_ci
2026-08-19 12:44:59,262 WARNING database DDL Query made to DB:
ALTER TABLE `tabWMS Stock Movement` ADD COLUMN `item` varchar(140), ADD COLUMN `warehouse` varchar(140), ADD COLUMN `from_storage_location` varchar(140), ADD COLUMN `bin` varchar(140), ADD COLUMN `to_storage_location` varchar(140), ADD COLUMN `to_bin` varchar(140), ADD COLUMN `quantity` decimal(21,9) NOT NULL DEFAULT 0.0, ADD COLUMN `uom` varchar(140), ADD COLUMN `movement_date` date, ADD COLUMN `status` varchar(140)
2026-08-19 14:18:54,894 WARNING database DDL Query made to DB:
ALTER TABLE `tabQuality Inspection` ADD COLUMN `level` varchar(140)
2026-08-19 14:18:54,934 WARNING database DDL Query made to DB:
ALTER TABLE `tabQuality Inspection` ADD INDEX `level_index`(`level`)
2026-08-19 14:18:55,027 WARNING database DDL Query made to DB:
ALTER TABLE `tabDelivery Note Item` ADD COLUMN `level` varchar(140), ADD COLUMN `to_level` varchar(140)
2026-08-19 14:18:55,055 WARNING database DDL Query made to DB:
ALTER TABLE `tabDelivery Note Item` ADD INDEX `level_index`(`level`)
2026-08-19 14:18:55,118 WARNING database DDL Query made to DB:
ALTER TABLE `tabStock Ledger Entry` ADD COLUMN `level` varchar(140)
2026-08-19 14:18:55,149 WARNING database DDL Query made to DB:
ALTER TABLE `tabStock Ledger Entry` ADD INDEX `level_index`(`level`)
2026-08-19 14:18:55,216 WARNING database DDL Query made to DB:
ALTER TABLE `tabSubcontracting Receipt Item` ADD COLUMN `level` varchar(140)
2026-08-19 14:18:55,247 WARNING database DDL Query made to DB:
ALTER TABLE `tabSubcontracting Receipt Item` ADD INDEX `level_index`(`level`)
2026-08-19 14:18:55,379 WARNING database DDL Query made to DB:
ALTER TABLE `tabStock Reconciliation Item` ADD COLUMN `level` varchar(140)
2026-08-19 14:18:55,420 WARNING database DDL Query made to DB:
ALTER TABLE `tabStock Reconciliation Item` ADD INDEX `level_index`(`level`)
2026-08-19 14:18:55,538 WARNING database DDL Query made to DB:
ALTER TABLE `tabSales Invoice Item` ADD COLUMN `level` varchar(140), ADD COLUMN `to_level` varchar(140)
2026-08-19 14:18:55,569 WARNING database DDL Query made to DB:
ALTER TABLE `tabSales Invoice Item` ADD INDEX `level_index`(`level`)
2026-08-19 14:18:55,646 WARNING database DDL Query made to DB:
ALTER TABLE `tabStock Closing Balance` ADD COLUMN `level` varchar(140)
2026-08-19 14:18:55,678 WARNING database DDL Query made to DB:
ALTER TABLE `tabStock Closing Balance` ADD INDEX `level_index`(`level`)
2026-08-19 14:18:55,777 WARNING database DDL Query made to DB:
ALTER TABLE `tabPutaway Rule` ADD COLUMN `level` varchar(140)
2026-08-19 14:18:55,803 WARNING database DDL Query made to DB:
ALTER TABLE `tabPutaway Rule` ADD INDEX `level_index`(`level`)
2026-08-19 14:18:55,859 WARNING database DDL Query made to DB:
ALTER TABLE `tabPacking Slip Item` ADD COLUMN `level` varchar(140)
2026-08-19 14:18:55,888 WARNING database DDL Query made to DB:
ALTER TABLE `tabPacking Slip Item` ADD INDEX `level_index`(`level`)
2026-08-19 14:18:56,000 WARNING database DDL Query made to DB:
ALTER TABLE `tabSubcontracting Receipt Supplied Item` ADD COLUMN `level` varchar(140)
2026-08-19 14:18:56,028 WARNING database DDL Query made to DB:
ALTER TABLE `tabSubcontracting Receipt Supplied Item` ADD INDEX `level_index`(`level`)
2026-08-19 14:18:56,137 WARNING database DDL Query made to DB:
ALTER TABLE `tabPurchase Invoice Item` ADD COLUMN `level` varchar(140), ADD COLUMN `rejected_level` varchar(140), ADD COLUMN `from_level` varchar(140)
2026-08-19 14:18:56,178 WARNING database DDL Query made to DB:
ALTER TABLE `tabPurchase Invoice Item` ADD INDEX `level_index`(`level`), ADD INDEX `rejected_level_index`(`rejected_level`)
2026-08-19 14:18:56,282 WARNING database DDL Query made to DB:
ALTER TABLE `tabPOS Invoice Item` ADD COLUMN `level` varchar(140)
2026-08-19 14:18:56,308 WARNING database DDL Query made to DB:
ALTER TABLE `tabPOS Invoice Item` ADD INDEX `level_index`(`level`)
2026-08-19 14:18:56,364 WARNING database DDL Query made to DB:
ALTER TABLE `tabPurchase Receipt Item Supplied` ADD COLUMN `level` varchar(140)
2026-08-19 14:18:56,393 WARNING database DDL Query made to DB:
ALTER TABLE `tabPurchase Receipt Item Supplied` ADD INDEX `level_index`(`level`)
2026-08-19 14:18:56,474 WARNING database DDL Query made to DB:
ALTER TABLE `tabStock Entry Detail` ADD COLUMN `level` varchar(140), ADD COLUMN `to_level` varchar(140)
2026-08-19 14:18:56,507 WARNING database DDL Query made to DB:
ALTER TABLE `tabStock Entry Detail` ADD INDEX `level_index`(`level`)
2026-08-19 14:18:56,609 WARNING database DDL Query made to DB:
ALTER TABLE `tabAsset Capitalization Stock Item` ADD COLUMN `level` varchar(140)
2026-08-19 14:18:56,639 WARNING database DDL Query made to DB:
ALTER TABLE `tabAsset Capitalization Stock Item` ADD INDEX `level_index`(`level`)
2026-08-19 14:18:56,706 WARNING database DDL Query made to DB:
ALTER TABLE `tabJob Card` ADD COLUMN `level` varchar(140)
2026-08-19 14:18:56,731 WARNING database DDL Query made to DB:
ALTER TABLE `tabJob Card` ADD INDEX `level_index`(`level`)
2026-08-19 14:18:56,808 WARNING database DDL Query made to DB:
ALTER TABLE `tabPacked Item` ADD COLUMN `level` varchar(140)
2026-08-19 14:18:56,835 WARNING database DDL Query made to DB:
ALTER TABLE `tabPacked Item` ADD INDEX `level_index`(`level`)
2026-08-19 14:18:56,914 WARNING database DDL Query made to DB:
ALTER TABLE `tabPurchase Receipt Item` ADD COLUMN `level` varchar(140), ADD COLUMN `rejected_level` varchar(140), ADD COLUMN `from_level` varchar(140)
2026-08-19 14:18:56,950 WARNING database DDL Query made to DB:
ALTER TABLE `tabPurchase Receipt Item` ADD INDEX `level_index`(`level`), ADD INDEX `rejected_level_index`(`rejected_level`)
2026-08-19 14:18:57,014 WARNING database DDL Query made to DB:
ALTER TABLE `tabWarranty Claim` ADD COLUMN `level` varchar(140)
2026-08-19 14:18:57,041 WARNING database DDL Query made to DB:
ALTER TABLE `tabWarranty Claim` ADD INDEX `level_index`(`level`)
2026-08-19 14:19:43,063 WARNING database DDL Query made to DB:
ALTER TABLE `tabQuality Inspection` ADD COLUMN `bin` varchar(140)
2026-08-19 14:19:43,094 WARNING database DDL Query made to DB:
ALTER TABLE `tabQuality Inspection` ADD INDEX `bin_index`(`bin`)
2026-08-19 14:19:43,250 WARNING database DDL Query made to DB:
ALTER TABLE `tabDelivery Note Item` ADD COLUMN `bin` varchar(140), ADD COLUMN `to_bin` varchar(140)
2026-08-19 14:19:43,284 WARNING database DDL Query made to DB:
ALTER TABLE `tabDelivery Note Item` ADD INDEX `bin_index`(`bin`)
2026-08-19 14:19:43,389 WARNING database DDL Query made to DB:
ALTER TABLE `tabStock Ledger Entry` ADD COLUMN `bin` varchar(140)
2026-08-19 14:19:43,421 WARNING database DDL Query made to DB:
ALTER TABLE `tabStock Ledger Entry` ADD INDEX `bin_index`(`bin`)
2026-08-19 14:19:43,551 WARNING database DDL Query made to DB:
ALTER TABLE `tabSubcontracting Receipt Item` ADD COLUMN `bin` varchar(140)
2026-08-19 14:19:43,585 WARNING database DDL Query made to DB:
ALTER TABLE `tabSubcontracting Receipt Item` ADD INDEX `bin_index`(`bin`)
2026-08-19 14:19:43,700 WARNING database DDL Query made to DB:
ALTER TABLE `tabStock Reconciliation Item` ADD COLUMN `bin` varchar(140)
2026-08-19 14:19:43,732 WARNING database DDL Query made to DB:
ALTER TABLE `tabStock Reconciliation Item` ADD INDEX `bin_index`(`bin`)
2026-08-19 14:19:43,871 WARNING database DDL Query made to DB:
ALTER TABLE `tabSales Invoice Item` ADD COLUMN `bin` varchar(140), ADD COLUMN `to_bin` varchar(140)
2026-08-19 14:19:43,905 WARNING database DDL Query made to DB:
ALTER TABLE `tabSales Invoice Item` ADD INDEX `bin_index`(`bin`)
2026-08-19 14:19:44,004 WARNING database DDL Query made to DB:
ALTER TABLE `tabStock Closing Balance` ADD COLUMN `bin` varchar(140)
2026-08-19 14:19:44,031 WARNING database DDL Query made to DB:
ALTER TABLE `tabStock Closing Balance` ADD INDEX `bin_index`(`bin`)
2026-08-19 14:19:44,080 WARNING database DDL Query made to DB:
ALTER TABLE `tabPutaway Rule` ADD COLUMN `bin` varchar(140)
2026-08-19 14:19:44,106 WARNING database DDL Query made to DB:
ALTER TABLE `tabPutaway Rule` ADD INDEX `bin_index`(`bin`)
2026-08-19 14:19:44,160 WARNING database DDL Query made to DB:
ALTER TABLE `tabPacking Slip Item` ADD COLUMN `bin` varchar(140)
2026-08-19 14:19:44,189 WARNING database DDL Query made to DB:
ALTER TABLE `tabPacking Slip Item` ADD INDEX `bin_index`(`bin`)
2026-08-19 14:19:44,294 WARNING database DDL Query made to DB:
ALTER TABLE `tabSubcontracting Receipt Supplied Item` ADD COLUMN `bin` varchar(140)
2026-08-19 14:19:44,322 WARNING database DDL Query made to DB:
ALTER TABLE `tabSubcontracting Receipt Supplied Item` ADD INDEX `bin_index`(`bin`)
2026-08-19 14:19:44,432 WARNING database DDL Query made to DB:
ALTER TABLE `tabPurchase Invoice Item` ADD COLUMN `bin` varchar(140), ADD COLUMN `rejected_bin` varchar(140), ADD COLUMN `from_bin` varchar(140)
2026-08-19 14:19:44,467 WARNING database DDL Query made to DB:
ALTER TABLE `tabPurchase Invoice Item` ADD INDEX `bin_index`(`bin`), ADD INDEX `rejected_bin_index`(`rejected_bin`)
2026-08-19 14:19:44,584 WARNING database DDL Query made to DB:
ALTER TABLE `tabPOS Invoice Item` ADD COLUMN `bin` varchar(140)
2026-08-19 14:19:44,617 WARNING database DDL Query made to DB:
ALTER TABLE `tabPOS Invoice Item` ADD INDEX `bin_index`(`bin`)
2026-08-19 14:19:44,712 WARNING database DDL Query made to DB:
ALTER TABLE `tabPurchase Receipt Item Supplied` ADD COLUMN `bin` varchar(140)
2026-08-19 14:19:44,740 WARNING database DDL Query made to DB:
ALTER TABLE `tabPurchase Receipt Item Supplied` ADD INDEX `bin_index`(`bin`)
2026-08-19 14:19:44,840 WARNING database DDL Query made to DB:
ALTER TABLE `tabStock Entry Detail` ADD COLUMN `bin` varchar(140), ADD COLUMN `to_bin` varchar(140)
2026-08-19 14:19:44,876 WARNING database DDL Query made to DB:
ALTER TABLE `tabStock Entry Detail` ADD INDEX `bin_index`(`bin`)
2026-08-19 14:19:44,988 WARNING database DDL Query made to DB:
ALTER TABLE `tabAsset Capitalization Stock Item` ADD COLUMN `bin` varchar(140)
2026-08-19 14:19:45,015 WARNING database DDL Query made to DB:
ALTER TABLE `tabAsset Capitalization Stock Item` ADD INDEX `bin_index`(`bin`)
2026-08-19 14:19:45,093 WARNING database DDL Query made to DB:
ALTER TABLE `tabJob Card` ADD COLUMN `bin` varchar(140)
2026-08-19 14:19:45,121 WARNING database DDL Query made to DB:
ALTER TABLE `tabJob Card` ADD INDEX `bin_index`(`bin`)
2026-08-19 14:19:45,189 WARNING database DDL Query made to DB:
ALTER TABLE `tabPacked Item` ADD COLUMN `bin` varchar(140)
2026-08-19 14:19:45,215 WARNING database DDL Query made to DB:
ALTER TABLE `tabPacked Item` ADD INDEX `bin_index`(`bin`)
2026-08-19 14:19:45,295 WARNING database DDL Query made to DB:
ALTER TABLE `tabPurchase Receipt Item` ADD COLUMN `bin` varchar(140), ADD COLUMN `rejected_bin` varchar(140), ADD COLUMN `from_bin` varchar(140)
2026-08-19 14:19:45,335 WARNING database DDL Query made to DB:
ALTER TABLE `tabPurchase Receipt Item` ADD INDEX `bin_index`(`bin`), ADD INDEX `rejected_bin_index`(`rejected_bin`)
2026-08-19 14:19:45,444 WARNING database DDL Query made to DB:
ALTER TABLE `tabWarranty Claim` ADD COLUMN `bin` varchar(140)
2026-08-19 14:19:45,479 WARNING database DDL Query made to DB:
ALTER TABLE `tabWarranty Claim` ADD INDEX `bin_index`(`bin`)
2026-08-19 16:12:11,726 WARNING database DDL Query made to DB:
create table `tabWMS Receiving` (
			name varchar(140) primary key,
			creation datetime(6),
			modified datetime(6),
			modified_by varchar(140),
			owner varchar(140),
			docstatus tinyint not null default '0',
			idx int not null default '0',
			`_user_tags` text,
`_comments` text,
`_assign` text,
`_liked_by` text,
index creation(creation))
			ENGINE=InnoDB
			ROW_FORMAT=DYNAMIC
			CHARACTER SET=utf8mb4
			COLLATE=utf8mb4_unicode_ci
2026-08-19 16:28:47,309 WARNING database DDL Query made to DB:
ALTER TABLE `tabWMS Receiving` ADD COLUMN `receiving_date` varchar(140), ADD COLUMN `warehouse` varchar(140), ADD COLUMN `item` varchar(140), ADD COLUMN `quantity` decimal(21,9) NOT NULL DEFAULT 0.0, ADD COLUMN `uom` varchar(140), ADD COLUMN `source_document` varchar(140), ADD COLUMN `storage_location` varchar(140), ADD COLUMN `receiving_bin` varchar(140), ADD COLUMN `status` varchar(140), ADD COLUMN `remarks` text
2026-08-19 16:33:26,443 WARNING database DDL Query made to DB:
create table `tabWMS Putaway` (
			name varchar(140) primary key,
			creation datetime(6),
			modified datetime(6),
			modified_by varchar(140),
			owner varchar(140),
			docstatus tinyint not null default '0',
			idx int not null default '0',
			`_user_tags` text,
`_comments` text,
`_assign` text,
`_liked_by` text,
index creation(creation))
			ENGINE=InnoDB
			ROW_FORMAT=DYNAMIC
			CHARACTER SET=utf8mb4
			COLLATE=utf8mb4_unicode_ci
2026-08-19 16:49:42,445 WARNING database DDL Query made to DB:
ALTER TABLE `tabWMS Putaway` ADD COLUMN `putaway_date` varchar(140), ADD COLUMN `warehouse` varchar(140), ADD COLUMN `item` varchar(140), ADD COLUMN `quantity` decimal(21,9) NOT NULL DEFAULT 0.0, ADD COLUMN `uom` varchar(140), ADD COLUMN `storage_location` varchar(140), ADD COLUMN `rack` varchar(140), ADD COLUMN `level` varchar(140), ADD COLUMN `bin` varchar(140), ADD COLUMN `status` varchar(140), ADD COLUMN `renarks` text
