2026-08-19 16:14:00,280 ERROR scheduler Skipped queueing frappe.desk.page.backups.backups.delete_downloadable_backups because it was found in queue for wms.local
2026-08-19 16:14:00,296 ERROR scheduler Skipped queueing frappe.oauth.delete_oauth2_data because it was found in queue for wms.local
2026-08-19 16:14:00,297 ERROR scheduler Skipped queueing erpnext.projects.doctype.project.project.collect_project_status because it was found in queue for wms.local
2026-08-19 16:14:00,300 ERROR scheduler Skipped queueing frappe.website.doctype.personal_data_deletion_request.personal_data_deletion_request.process_data_deletion_request because it was found in queue for wms.local
2026-08-19 16:14:00,302 ERROR scheduler Skipped queueing erpnext.erpnext_integrations.doctype.plaid_settings.plaid_settings.automatic_synchronization because it was found in queue for wms.local
2026-08-19 16:14:00,304 ERROR scheduler Skipped queueing erpnext.projects.doctype.project.project.project_status_update_reminder because it was found in queue for wms.local
2026-08-19 16:14:00,307 ERROR scheduler Skipped queueing erpnext.utilities.doctype.video.video.update_youtube_data because it was found in queue for wms.local
2026-08-19 16:14:00,309 ERROR scheduler Skipped queueing erpnext.stock.doctype.repost_item_valuation.repost_item_valuation.repost_entries because it was found in queue for wms.local
2026-08-19 16:14:00,311 ERROR scheduler Skipped queueing frappe.twofactor.delete_all_barcodes_for_users because it was found in queue for wms.local
2026-08-19 16:14:00,312 ERROR scheduler Skipped queueing frappe.desk.utils.delete_old_exported_report_files because it was found in queue for wms.local
2026-08-19 16:14:00,314 ERROR scheduler Skipped queueing frappe.model.utils.user_settings.sync_user_settings because it was found in queue for wms.local
2026-08-19 16:14:00,316 ERROR scheduler Skipped queueing erpnext.accounts.doctype.bank_transaction_rule.bank_transaction_rule.scheduler_run_rule_evaluation because it was found in queue for wms.local
2026-08-19 16:14:00,320 ERROR scheduler Skipped queueing frappe.website.doctype.web_page.web_page.check_publish_status because it was found in queue for wms.local
2026-08-19 16:14:00,321 ERROR scheduler Skipped queueing frappe.desk.form.document_follow.send_hourly_updates because it was found in queue for wms.local
2026-08-19 16:14:00,323 ERROR scheduler Skipped queueing frappe.core.doctype.prepared_report.prepared_report.expire_stalled_report because it was found in queue for wms.local
2026-08-19 16:14:00,324 ERROR scheduler Skipped queueing erpnext.utilities.bulk_transaction.retry because it was found in queue for wms.local
2026-08-20 15:50:00,517 ERROR scheduler Skipped queueing frappe.core.doctype.prepared_report.prepared_report.expire_stalled_report because it was found in queue for wms.local
2026-08-20 15:50:00,520 ERROR scheduler Skipped queueing frappe.website.doctype.personal_data_deletion_request.personal_data_deletion_request.process_data_deletion_request because it was found in queue for wms.local
2026-08-20 15:50:00,522 ERROR scheduler Skipped queueing frappe.desk.page.backups.backups.delete_downloadable_backups because it was found in queue for wms.local
2026-08-20 15:50:00,523 ERROR scheduler Skipped queueing erpnext.erpnext_integrations.doctype.plaid_settings.plaid_settings.automatic_synchronization because it was found in queue for wms.local
2026-08-20 15:50:00,525 ERROR scheduler Skipped queueing frappe.desk.form.document_follow.send_hourly_updates because it was found in queue for wms.local
2026-08-20 15:50:00,527 ERROR scheduler Skipped queueing frappe.desk.utils.delete_old_exported_report_files because it was found in queue for wms.local
2026-08-20 15:50:00,528 ERROR scheduler Skipped queueing frappe.email.doctype.email_account.email_account.pull because it was found in queue for wms.local
2026-08-20 15:50:00,530 ERROR scheduler Skipped queueing erpnext.utilities.doctype.video.video.update_youtube_data because it was found in queue for wms.local
2026-08-20 15:50:00,531 ERROR scheduler Skipped queueing frappe.website.doctype.web_page.web_page.check_publish_status because it was found in queue for wms.local
2026-08-20 15:50:00,537 ERROR scheduler Skipped queueing frappe.model.utils.user_settings.sync_user_settings because it was found in queue for wms.local
2026-08-20 15:50:00,538 ERROR scheduler Skipped queueing frappe.email.queue.retry_sending_emails because it was found in queue for wms.local
2026-08-20 15:50:00,540 ERROR scheduler Skipped queueing frappe.oauth.delete_oauth2_data because it was found in queue for wms.local
2026-08-20 15:50:00,541 ERROR scheduler Skipped queueing erpnext.accounts.doctype.bank_transaction_rule.bank_transaction_rule.scheduler_run_rule_evaluation because it was found in queue for wms.local
2026-08-20 15:50:00,543 ERROR scheduler Skipped queueing erpnext.utilities.bulk_transaction.retry because it was found in queue for wms.local
2026-08-20 15:50:00,544 ERROR scheduler Skipped queueing erpnext.projects.doctype.project.project.project_status_update_reminder because it was found in queue for wms.local
2026-08-20 15:50:00,546 ERROR scheduler Skipped queueing frappe.email.queue.flush because it was found in queue for wms.local
2026-08-20 15:50:00,548 ERROR scheduler Skipped queueing erpnext.stock.doctype.repost_item_valuation.repost_item_valuation.run_parallel_reposting because it was found in queue for wms.local
2026-08-20 15:50:00,549 ERROR scheduler Skipped queueing frappe.model.utils.link_count.update_link_count because it was found in queue for wms.local
2026-08-20 15:50:00,550 ERROR scheduler Skipped queueing frappe.automation.doctype.reminder.reminder.send_reminders because it was found in queue for wms.local
2026-08-20 15:50:00,551 ERROR scheduler Skipped queueing erpnext.projects.doctype.project.project.collect_project_status because it was found in queue for wms.local
2026-08-20 15:50:00,552 ERROR scheduler Skipped queueing frappe.twofactor.delete_all_barcodes_for_users because it was found in queue for wms.local
2026-08-20 15:50:00,554 ERROR scheduler Skipped queueing erpnext.stock.doctype.repost_item_valuation.repost_item_valuation.repost_entries because it was found in queue for wms.local
