2026-08-17 12:38:58,971 WARNING database DDL Query made to DB:
create table `tabQuality Review Objective` (
			name varchar(140) primary key,
			creation datetime(6),
			modified datetime(6),
			modified_by varchar(140),
			owner varchar(140),
			docstatus tinyint not null default '0',
			idx int not null default '0',
			`objective` text,
`target` varchar(140),
`uom` varchar(140),
`status` varchar(140) DEFAULT 'Open',
`review` longtext,
parent varchar(140),
parentfield varchar(140),
parenttype varchar(140),
index parent(parent))
			ENGINE=InnoDB
			ROW_FORMAT=DYNAMIC
			CHARACTER SET=utf8mb4
			COLLATE=utf8mb4_unicode_ci
2026-08-17 12:38:59,184 WARNING database DDL Query made to DB:
create table `tabQuality Review` (
			name varchar(140) primary key,
			creation datetime(6),
			modified datetime(6),
			modified_by varchar(140),
			owner varchar(140),
			docstatus tinyint not null default '0',
			idx int not null default '0',
			`goal` varchar(140),
`date` date,
`procedure` varchar(140),
`status` varchar(140) DEFAULT 'Open',
`additional_information` text,
`_user_tags` text,
`_comments` text,
`_assign` text,
`_liked_by` text,
index creation(creation))
			ENGINE=InnoDB
			ROW_FORMAT=DYNAMIC
			CHARACTER SET=utf8mb4
			COLLATE=utf8mb4_unicode_ci
2026-08-17 12:38:59,321 WARNING database DDL Query made to DB:
create table `tabQuality Meeting Minutes` (
			name varchar(140) primary key,
			creation datetime(6),
			modified datetime(6),
			modified_by varchar(140),
			owner varchar(140),
			docstatus tinyint not null default '0',
			idx int not null default '0',
			`document_type` varchar(140),
`document_name` varchar(140),
`minute` longtext,
parent varchar(140),
parentfield varchar(140),
parenttype varchar(140),
index parent(parent))
			ENGINE=InnoDB
			ROW_FORMAT=DYNAMIC
			CHARACTER SET=utf8mb4
			COLLATE=utf8mb4_unicode_ci
2026-08-17 12:38:59,407 WARNING database DDL Query made to DB:
create table `tabQuality Meeting` (
			name varchar(140) primary key,
			creation datetime(6),
			modified datetime(6),
			modified_by varchar(140),
			owner varchar(140),
			docstatus tinyint not null default '0',
			idx int not null default '0',
			`status` varchar(140) DEFAULT 'Open',
`_user_tags` text,
`_comments` text,
`_assign` text,
`_liked_by` text,
index creation(creation))
			ENGINE=InnoDB
			ROW_FORMAT=DYNAMIC
			CHARACTER SET=utf8mb4
			COLLATE=utf8mb4_unicode_ci
2026-08-17 12:38:59,656 WARNING database DDL Query made to DB:
create table `tabQuality Procedure` (
			name varchar(140) primary key,
			creation datetime(6),
			modified datetime(6),
			modified_by varchar(140),
			owner varchar(140),
			docstatus tinyint not null default '0',
			idx int not null default '0',
			`quality_procedure_name` varchar(140) UNIQUE,
`process_owner` varchar(140),
`process_owner_full_name` varchar(140),
`parent_quality_procedure` varchar(140),
`is_group` tinyint(4) NOT NULL DEFAULT 0,
`rgt` int(11) NOT NULL DEFAULT 0,
`lft` int(11) NOT NULL DEFAULT 0,
`old_parent` varchar(140),
`_user_tags` text,
`_comments` text,
`_assign` text,
`_liked_by` text,
index creation(creation))
			ENGINE=InnoDB
			ROW_FORMAT=DYNAMIC
			CHARACTER SET=utf8mb4
			COLLATE=utf8mb4_unicode_ci
2026-08-17 12:38:59,840 WARNING database DDL Query made to DB:
create table `tabQuality Feedback Template Parameter` (
			name varchar(140) primary key,
			creation datetime(6),
			modified datetime(6),
			modified_by varchar(140),
			owner varchar(140),
			docstatus tinyint not null default '0',
			idx int not null default '0',
			`parameter` varchar(140),
parent varchar(140),
parentfield varchar(140),
parenttype varchar(140),
index parent(parent))
			ENGINE=InnoDB
			ROW_FORMAT=DYNAMIC
			CHARACTER SET=utf8mb4
			COLLATE=utf8mb4_unicode_ci
2026-08-17 12:39:00,102 WARNING database DDL Query made to DB:
create table `tabQuality Goal` (
			name varchar(140) primary key,
			creation datetime(6),
			modified datetime(6),
			modified_by varchar(140),
			owner varchar(140),
			docstatus tinyint not null default '0',
			idx int not null default '0',
			`goal` varchar(140) UNIQUE,
`frequency` varchar(140) DEFAULT 'None',
`procedure` varchar(140),
`weekday` varchar(140),
`date` varchar(140),
`_user_tags` text,
`_comments` text,
`_assign` text,
`_liked_by` text,
index creation(creation))
			ENGINE=InnoDB
			ROW_FORMAT=DYNAMIC
			CHARACTER SET=utf8mb4
			COLLATE=utf8mb4_unicode_ci
2026-08-17 12:39:00,412 WARNING database DDL Query made to DB:
create table `tabCommunication Medium Timeslot` (
			name varchar(140) primary key,
			creation datetime(6),
			modified datetime(6),
			modified_by varchar(140),
			owner varchar(140),
			docstatus tinyint not null default '0',
			idx int not null default '0',
			`day_of_week` varchar(140),
`from_time` time(6),
`to_time` time(6),
`employee_group` varchar(140),
parent varchar(140),
parentfield varchar(140),
parenttype varchar(140),
index parent(parent))
			ENGINE=InnoDB
			ROW_FORMAT=DYNAMIC
			CHARACTER SET=utf8mb4
			COLLATE=utf8mb4_unicode_ci
2026-08-17 12:39:00,552 WARNING database DDL Query made to DB:
create table `tabCommunication Medium` (
			name varchar(140) primary key,
			creation datetime(6),
			modified datetime(6),
			modified_by varchar(140),
			owner varchar(140),
			docstatus tinyint not null default '0',
			idx int not null default '0',
			`communication_channel` varchar(140),
`communication_medium_type` varchar(140),
`catch_all` varchar(140),
`provider` varchar(140),
`disabled` tinyint(4) NOT NULL DEFAULT 0,
`_user_tags` text,
`_comments` text,
`_assign` text,
`_liked_by` text,
index creation(creation))
			ENGINE=InnoDB
			ROW_FORMAT=DYNAMIC
			CHARACTER SET=utf8mb4
			COLLATE=utf8mb4_unicode_ci
2026-08-17 12:39:00,651 WARNING database DDL Query made to DB:
create table `tabTelephony Call Type` (
			name varchar(140) primary key,
			creation datetime(6),
			modified datetime(6),
			modified_by varchar(140),
			owner varchar(140),
			docstatus tinyint not null default '0',
			idx int not null default '0',
			`call_type` varchar(140) UNIQUE,
`amended_from` varchar(140),
`_user_tags` text,
`_comments` text,
`_assign` text,
`_liked_by` text,
index creation(creation))
			ENGINE=InnoDB
			ROW_FORMAT=DYNAMIC
			CHARACTER SET=utf8mb4
			COLLATE=utf8mb4_unicode_ci
2026-08-17 12:39:00,753 WARNING database DDL Query made to DB:
create table `tabIncoming Call Handling Schedule` (
			name varchar(140) primary key,
			creation datetime(6),
			modified datetime(6),
			modified_by varchar(140),
			owner varchar(140),
			docstatus tinyint not null default '0',
			idx int not null default '0',
			`day_of_week` varchar(140),
`from_time` time(6) DEFAULT '9:00:00',
`to_time` time(6) DEFAULT '17:00:00',
`agent_group` varchar(140),
parent varchar(140),
parentfield varchar(140),
parenttype varchar(140),
index parent(parent))
			ENGINE=InnoDB
			ROW_FORMAT=DYNAMIC
			CHARACTER SET=utf8mb4
			COLLATE=utf8mb4_unicode_ci
2026-08-17 12:39:00,981 WARNING database DDL Query made to DB:
create table `tabCall Log` (
			name varchar(140) primary key,
			creation datetime(6),
			modified datetime(6),
			modified_by varchar(140),
			owner varchar(140),
			docstatus tinyint not null default '0',
			idx int not null default '0',
			`id` varchar(140) UNIQUE,
`from` varchar(140),
`to` varchar(140),
`call_received_by` varchar(140),
`employee_user_id` varchar(140),
`medium` varchar(140),
`start_time` datetime(6),
`end_time` datetime(6),
`type` varchar(140),
`customer` varchar(140),
`status` varchar(140),
`duration` decimal(21,9),
`recording_url` varchar(140),
`type_of_call` varchar(140),
`summary` text,
`_user_tags` text,
`_comments` text,
`_assign` text,
`_liked_by` text,
index creation(creation))
			ENGINE=InnoDB
			ROW_FORMAT=DYNAMIC
			CHARACTER SET=utf8mb4
			COLLATE=utf8mb4_unicode_ci
2026-08-17 12:39:01,070 WARNING database DDL Query made to DB:
create table `tabIncoming Call Settings` (
			name varchar(140) primary key,
			creation datetime(6),
			modified datetime(6),
			modified_by varchar(140),
			owner varchar(140),
			docstatus tinyint not null default '0',
			idx int not null default '0',
			`call_routing` varchar(140) DEFAULT 'Sequential',
`greeting_message` varchar(140),
`agent_busy_message` varchar(140),
`agent_unavailable_message` varchar(140),
`_user_tags` text,
`_comments` text,
`_assign` text,
`_liked_by` text,
index creation(creation))
			ENGINE=InnoDB
			ROW_FORMAT=DYNAMIC
			CHARACTER SET=utf8mb4
			COLLATE=utf8mb4_unicode_ci
2026-08-17 12:39:01,164 WARNING database DDL Query made to DB:
create table `tabVoice Call Settings` (
			name varchar(140) primary key,
			creation datetime(6),
			modified datetime(6),
			modified_by varchar(140),
			owner varchar(140),
			docstatus tinyint not null default '0',
			idx int not null default '0',
			`user` varchar(140) UNIQUE,
`call_receiving_device` varchar(140) DEFAULT 'Computer',
`greeting_message` varchar(140),
`agent_busy_message` varchar(140),
`agent_unavailable_message` varchar(140),
`_user_tags` text,
`_comments` text,
`_assign` text,
`_liked_by` text,
index creation(creation))
			ENGINE=InnoDB
			ROW_FORMAT=DYNAMIC
			CHARACTER SET=utf8mb4
			COLLATE=utf8mb4_unicode_ci
2026-08-17 12:39:01,356 WARNING database DDL Query made to DB:
create table `tabBulk Transaction Log Detail` (
			name varchar(140) primary key,
			creation datetime(6),
			modified datetime(6),
			modified_by varchar(140),
			owner varchar(140),
			docstatus tinyint not null default '0',
			idx int not null default '0',
			`from_doctype` varchar(140),
`transaction_name` varchar(140),
`date` date,
`time` time(6),
`transaction_status` varchar(140),
`error_description` longtext,
`to_doctype` varchar(140),
`retried` int(11) NOT NULL DEFAULT 0,
`_user_tags` text,
`_comments` text,
`_assign` text,
`_liked_by` text,
index `from_doctype`(`from_doctype`),
index `transaction_name`(`transaction_name`),
index `date`(`date`),
index creation(creation))
			ENGINE=InnoDB
			ROW_FORMAT=DYNAMIC
			CHARACTER SET=utf8mb4
			COLLATE=utf8mb4_unicode_ci
2026-08-17 12:39:01,734 WARNING database DDL Query made to DB:
create table `tabSubcontracting Receipt Supplied Item` (
			name varchar(140) primary key,
			creation datetime(6),
			modified datetime(6),
			modified_by varchar(140),
			owner varchar(140),
			docstatus tinyint not null default '0',
			idx int not null default '0',
			`main_item_code` varchar(140),
`rm_item_code` varchar(140),
`item_name` varchar(140),
`bom_detail_no` varchar(140),
`description` longtext,
`stock_uom` varchar(140),
`conversion_factor` decimal(21,9) NOT NULL DEFAULT 1.0,
`reference_name` varchar(140),
`rate` decimal(21,9) NOT NULL DEFAULT 0.0,
`amount` decimal(21,9) NOT NULL DEFAULT 0.0,
`available_qty_for_consumption` decimal(21,9) NOT NULL DEFAULT 0.0,
`required_qty` decimal(21,9) NOT NULL DEFAULT 0.0,
`consumed_qty` decimal(21,9) NOT NULL DEFAULT 0.0,
`current_stock` decimal(21,9) NOT NULL DEFAULT 0.0,
`serial_and_batch_bundle` varchar(140),
`use_serial_batch_fields` tinyint(4) NOT NULL DEFAULT 0,
`subcontracting_order` varchar(140),
`serial_no` text,
`batch_no` varchar(140),
`expense_account` varchar(140),
`cost_center` varchar(140),
parent varchar(140),
parentfield varchar(140),
parenttype varchar(140),
index parent(parent))
			ENGINE=InnoDB
			ROW_FORMAT=DYNAMIC
			CHARACTER SET=utf8mb4
			COLLATE=utf8mb4_unicode_ci
2026-08-17 12:39:01,845 WARNING database DDL Query made to DB:
create table `tabSubcontracting Inward Order Item` (
			name varchar(140) primary key,
			creation datetime(6),
			modified datetime(6),
			modified_by varchar(140),
			owner varchar(140),
			docstatus tinyint not null default '0',
			idx int not null default '0',
			`item_code` varchar(140),
`item_name` varchar(140),
`bom` varchar(140),
`delivery_warehouse` varchar(140),
`include_exploded_items` tinyint(4) NOT NULL DEFAULT 0,
`qty` decimal(21,9) NOT NULL DEFAULT 1.0,
`produced_qty` decimal(21,9) NOT NULL DEFAULT 0.0,
`returned_qty` decimal(21,9) NOT NULL DEFAULT 0.0,
`stock_uom` varchar(140),
`process_loss_qty` decimal(21,9) NOT NULL DEFAULT 0.0,
`delivered_qty` decimal(21,9) NOT NULL DEFAULT 0.0,
`conversion_factor` decimal(21,9) NOT NULL DEFAULT 1.0,
`sales_order_item` varchar(140),
`subcontracting_conversion_factor` decimal(21,9) NOT NULL DEFAULT 0.0,
index `item_code`(`item_code`),
index `sales_order_item`(`sales_order_item`),
parent varchar(140),
parentfield varchar(140),
parenttype varchar(140),
index parent(parent))
			ENGINE=InnoDB
			ROW_FORMAT=DYNAMIC
			CHARACTER SET=utf8mb4
			COLLATE=utf8mb4_unicode_ci
2026-08-17 12:39:02,272 WARNING database DDL Query made to DB:
create table `tabSubcontracting Order Item` (
			name varchar(140) primary key,
			creation datetime(6),
			modified datetime(6),
			modified_by varchar(140),
			owner varchar(140),
			docstatus tinyint not null default '0',
			idx int not null default '0',
			`item_code` varchar(140),
`item_name` varchar(140),
`bom` varchar(140),
`include_exploded_items` tinyint(4) NOT NULL DEFAULT 0,
`schedule_date` date,
`expected_delivery_date` date,
`description` longtext,
`image` text,
`qty` decimal(21,9) NOT NULL DEFAULT 1.0,
`received_qty` decimal(21,9) NOT NULL DEFAULT 0.0,
`returned_qty` decimal(21,9) NOT NULL DEFAULT 0.0,
`stock_uom` varchar(140),
`conversion_factor` decimal(21,9) NOT NULL DEFAULT 1.0,
`rate` decimal(21,9) NOT NULL DEFAULT 0.0,
`amount` decimal(21,9) NOT NULL DEFAULT 0.0,
`rm_cost_per_qty` decimal(21,9) NOT NULL DEFAULT 0.0,
`service_cost_per_qty` decimal(21,9) NOT NULL DEFAULT 0.0,
`additional_cost_per_qty` decimal(21,9) NOT NULL DEFAULT 0.0,
`warehouse` varchar(140),
`expense_account` varchar(140),
`manufacturer` varchar(140),
`manufacturer_part_no` varchar(140),
`material_request` varchar(140),
`material_request_item` varchar(140),
`cost_center` varchar(140),
`project` varchar(140),
`job_card` varchar(140),
`purchase_order_item` varchar(140),
`page_break` tinyint(4) NOT NULL DEFAULT 0,
`subcontracting_conversion_factor` decimal(21,9) NOT NULL DEFAULT 0.0,
`production_plan_sub_assembly_item` varchar(140),
index `item_code`(`item_code`),
index `expected_delivery_date`(`expected_delivery_date`),
index `material_request`(`material_request`),
index `material_request_item`(`material_request_item`),
index `purchase_order_item`(`purchase_order_item`),
parent varchar(140),
parentfield varchar(140),
parenttype varchar(140),
index parent(parent))
			ENGINE=InnoDB
			ROW_FORMAT=DYNAMIC
			CHARACTER SET=utf8mb4
			COLLATE=utf8mb4_unicode_ci
2026-08-17 12:39:02,640 WARNING database DDL Query made to DB:
create table `tabSubcontracting Inward Order` (
			name varchar(140) primary key,
			creation datetime(6),
			modified datetime(6),
			modified_by varchar(140),
			owner varchar(140),
			docstatus tinyint not null default '0',
			idx int not null default '0',
			`title` varchar(140) DEFAULT '{customer_name}',
`naming_series` varchar(140),
`sales_order` varchar(140),
`customer` varchar(140),
`customer_name` varchar(140),
`currency` varchar(140),
`company` varchar(140),
`transaction_date` date,
`customer_warehouse` varchar(140),
`amended_from` varchar(140),
`set_delivery_warehouse` varchar(140),
`status` varchar(140) DEFAULT 'Draft',
`per_raw_material_received` decimal(21,9) NOT NULL DEFAULT 0.0,
`per_produced` decimal(21,9) NOT NULL DEFAULT 0.0,
`per_delivered` decimal(21,9) NOT NULL DEFAULT 0.0,
`per_raw_material_returned` decimal(21,9) NOT NULL DEFAULT 0.0,
`per_process_loss` decimal(21,9) NOT NULL DEFAULT 0.0,
`per_returned` decimal(21,9) NOT NULL DEFAULT 0.0,
`_user_tags` text,
`_comments` text,
`_assign` text,
`_liked_by` text,
index `customer`(`customer`),
index `transaction_date`(`transaction_date`),
index `status`(`status`),
index creation(creation))
			ENGINE=InnoDB
			ROW_FORMAT=DYNAMIC
			CHARACTER SET=utf8mb4
			COLLATE=utf8mb4_unicode_ci
2026-08-17 12:39:02,921 WARNING database DDL Query made to DB:
create table `tabSubcontracting Order Supplied Item` (
			name varchar(140) primary key,
			creation datetime(6),
			modified datetime(6),
			modified_by varchar(140),
			owner varchar(140),
			docstatus tinyint not null default '0',
			idx int not null default '0',
			`main_item_code` varchar(140),
`rm_item_code` varchar(140),
`stock_uom` varchar(140),
`conversion_factor` decimal(21,9) NOT NULL DEFAULT 1.0,
`reserve_warehouse` varchar(140),
`bom_detail_no` varchar(140),
`reference_name` varchar(140),
`rate` decimal(21,9) NOT NULL DEFAULT 0.0,
`amount` decimal(21,9) NOT NULL DEFAULT 0.0,
`required_qty` decimal(21,9) NOT NULL DEFAULT 0.0,
`supplied_qty` decimal(21,9) NOT NULL DEFAULT 0.0,
`stock_reserved_qty` decimal(21,9) NOT NULL DEFAULT 0.0,
`consumed_qty` decimal(21,9) NOT NULL DEFAULT 0.0,
`returned_qty` decimal(21,9) NOT NULL DEFAULT 0.0,
`total_supplied_qty` decimal(21,9) NOT NULL DEFAULT 0.0,
parent varchar(140),
parentfield varchar(140),
parenttype varchar(140),
index parent(parent))
			ENGINE=InnoDB
			ROW_FORMAT=DYNAMIC
			CHARACTER SET=utf8mb4
			COLLATE=utf8mb4_unicode_ci
2026-08-17 12:39:03,038 WARNING database DDL Query made to DB:
create table `tabSubcontracting Inward Order Received Item` (
			name varchar(140) primary key,
			creation datetime(6),
			modified datetime(6),
			modified_by varchar(140),
			owner varchar(140),
			docstatus tinyint not null default '0',
			idx int not null default '0',
			`main_item_code` varchar(140),
`rm_item_code` varchar(140),
`is_customer_provided_item` tinyint(4) NOT NULL DEFAULT 0,
`is_additional_item` tinyint(4) NOT NULL DEFAULT 0,
`stock_uom` varchar(140),
`warehouse` varchar(140),
`bom_detail_no` varchar(140),
`reference_name` varchar(140),
`required_qty` decimal(21,9) NOT NULL DEFAULT 0.0,
`billed_qty` decimal(21,9) NOT NULL DEFAULT 0.0,
`received_qty` decimal(21,9) NOT NULL DEFAULT 0.0,
`consumed_qty` decimal(21,9) NOT NULL DEFAULT 0.0,
`work_order_qty` decimal(21,9) NOT NULL DEFAULT 0.0,
`returned_qty` decimal(21,9) NOT NULL DEFAULT 0.0,
`rate` decimal(21,9) NOT NULL DEFAULT 0.0,
parent varchar(140),
parentfield varchar(140),
parenttype varchar(140),
index parent(parent))
			ENGINE=InnoDB
			ROW_FORMAT=DYNAMIC
			CHARACTER SET=utf8mb4
			COLLATE=utf8mb4_unicode_ci
2026-08-17 12:39:03,272 WARNING database DDL Query made to DB:
create table `tabSubcontracting Receipt` (
			name varchar(140) primary key,
			creation datetime(6),
			modified datetime(6),
			modified_by varchar(140),
			owner varchar(140),
			docstatus tinyint not null default '0',
			idx int not null default '0',
			`title` varchar(140) DEFAULT '{supplier_name}',
`naming_series` varchar(140),
`supplier` varchar(140),
`supplier_name` varchar(140),
`supplier_delivery_note` varchar(140),
`company` varchar(140),
`posting_date` date,
`posting_time` time(6),
`set_posting_time` tinyint(4) NOT NULL DEFAULT 0,
`is_return` tinyint(4) NOT NULL DEFAULT 0,
`return_against` varchar(140),
`cost_center` varchar(140),
`project` varchar(140),
`set_warehouse` varchar(140),
`rejected_warehouse` varchar(140),
`supplier_warehouse` varchar(140),
`total_qty` decimal(21,9) NOT NULL DEFAULT 0.0,
`total` decimal(21,9) NOT NULL DEFAULT 0.0,
`in_words` varchar(240),
`bill_no` varchar(140),
`bill_date` date,
`supplier_address` varchar(140),
`contact_person` varchar(140),
`address_display` longtext,
`contact_display` text,
`contact_mobile` text,
`contact_email` text,
`shipping_address` varchar(140),
`shipping_address_display` longtext,
`billing_address` varchar(140),
`billing_address_display` longtext,
`distribute_additional_costs_based_on` varchar(140) DEFAULT 'Qty',
`total_additional_costs` decimal(21,9) NOT NULL DEFAULT 0.0,
`amended_from` varchar(140),
`range` varchar(140),
`represents_company` varchar(140),
`status` varchar(140) DEFAULT 'Draft',
`per_returned` decimal(21,9) NOT NULL DEFAULT 0.0,
`auto_repeat` varchar(140),
`letter_head` varchar(140),
`language` varchar(140),
`instructions` text,
`select_print_heading` varchar(140),
`remarks` text,
`transporter_name` varchar(140),
`lr_no` varchar(140),
`lr_date` date,
`_user_tags` text,
`_comments` text,
`_assign` text,
`_liked_by` text,
index `supplier`(`supplier`),
index `posting_date`(`posting_date`),
index `status`(`status`),
index creation(creation))
			ENGINE=InnoDB
			ROW_FORMAT=DYNAMIC
			CHARACTER SET=utf8mb4
			COLLATE=utf8mb4_unicode_ci
2026-08-17 12:39:03,698 WARNING database DDL Query made to DB:
create table `tabSubcontracting Order Service Item` (
			name varchar(140) primary key,
			creation datetime(6),
			modified datetime(6),
			modified_by varchar(140),
			owner varchar(140),
			docstatus tinyint not null default '0',
			idx int not null default '0',
			`item_code` varchar(140),
`item_name` varchar(140),
`qty` decimal(21,9) NOT NULL DEFAULT 0.0,
`rate` decimal(21,9) NOT NULL DEFAULT 0.0,
`amount` decimal(21,9) NOT NULL DEFAULT 0.0,
`fg_item` varchar(140),
`fg_item_qty` decimal(21,9) NOT NULL DEFAULT 1.0,
`purchase_order_item` varchar(140),
`material_request` varchar(140),
`material_request_item` varchar(140),
index `item_code`(`item_code`),
index `purchase_order_item`(`purchase_order_item`),
parent varchar(140),
parentfield varchar(140),
parenttype varchar(140),
index parent(parent))
			ENGINE=InnoDB
			ROW_FORMAT=DYNAMIC
			CHARACTER SET=utf8mb4
			COLLATE=utf8mb4_unicode_ci
2026-08-17 12:39:03,920 WARNING database DDL Query made to DB:
create table `tabSubcontracting Inward Order Secondary Item` (
			name varchar(140) primary key,
			creation datetime(6),
			modified datetime(6),
			modified_by varchar(140),
			owner varchar(140),
			docstatus tinyint not null default '0',
			idx int not null default '0',
			`type` varchar(140),
`reference_name` varchar(140),
`item_code` varchar(140),
`fg_item_code` varchar(140),
`stock_uom` varchar(140),
`warehouse` varchar(140),
`produced_qty` decimal(21,9) NOT NULL DEFAULT 0.0,
`delivered_qty` decimal(21,9) NOT NULL DEFAULT 0.0,
parent varchar(140),
parentfield varchar(140),
parenttype varchar(140),
index parent(parent))
			ENGINE=InnoDB
			ROW_FORMAT=DYNAMIC
			CHARACTER SET=utf8mb4
			COLLATE=utf8mb4_unicode_ci
2026-08-17 12:39:04,243 WARNING database DDL Query made to DB:
create table `tabSubcontracting Order` (
			name varchar(140) primary key,
			creation datetime(6),
			modified datetime(6),
			modified_by varchar(140),
			owner varchar(140),
			docstatus tinyint not null default '0',
			idx int not null default '0',
			`title` varchar(140) DEFAULT '{supplier_name}',
`naming_series` varchar(140),
`purchase_order` varchar(140),
`supplier` varchar(140),
`supplier_name` varchar(140),
`supplier_warehouse` varchar(140),
`supplier_currency` varchar(140),
`company` varchar(140),
`transaction_date` date,
`schedule_date` date,
`amended_from` varchar(140),
`cost_center` varchar(140),
`project` varchar(140),
`set_warehouse` varchar(140),
`total_qty` decimal(21,9) NOT NULL DEFAULT 0.0,
`total` decimal(21,9) NOT NULL DEFAULT 0.0,
`set_reserve_warehouse` varchar(140),
`reserve_stock` tinyint(4) NOT NULL DEFAULT 0,
`supplier_address` varchar(140),
`address_display` longtext,
`contact_person` varchar(140),
`contact_display` text,
`contact_mobile` text,
`contact_email` text,
`shipping_address` varchar(140),
`shipping_address_display` longtext,
`billing_address` varchar(140),
`billing_address_display` longtext,
`distribute_additional_costs_based_on` varchar(140) DEFAULT 'Qty',
`total_additional_costs` decimal(21,9) NOT NULL DEFAULT 0.0,
`status` varchar(140) DEFAULT 'Draft',
`per_received` decimal(21,9) NOT NULL DEFAULT 0.0,
`select_print_heading` varchar(140),
`letter_head` varchar(140),
`production_plan` varchar(140),
`_user_tags` text,
`_comments` text,
`_assign` text,
`_liked_by` text,
index `supplier`(`supplier`),
index `transaction_date`(`transaction_date`),
index `status`(`status`),
index creation(creation))
			ENGINE=InnoDB
			ROW_FORMAT=DYNAMIC
			CHARACTER SET=utf8mb4
			COLLATE=utf8mb4_unicode_ci
2026-08-17 12:39:04,357 WARNING database DDL Query made to DB:
create table `tabSubcontracting Inward Order Service Item` (
			name varchar(140) primary key,
			creation datetime(6),
			modified datetime(6),
			modified_by varchar(140),
			owner varchar(140),
			docstatus tinyint not null default '0',
			idx int not null default '0',
			`item_code` varchar(140),
`item_name` varchar(140),
`qty` decimal(21,9) NOT NULL DEFAULT 0.0,
`uom` varchar(140),
`rate` decimal(21,9) NOT NULL DEFAULT 0.0,
`amount` decimal(21,9) NOT NULL DEFAULT 0.0,
`fg_item` varchar(140),
`fg_item_qty` decimal(21,9) NOT NULL DEFAULT 1.0,
`sales_order_item` varchar(140),
index `item_code`(`item_code`),
index `sales_order_item`(`sales_order_item`),
parent varchar(140),
parentfield varchar(140),
parenttype varchar(140),
index parent(parent))
			ENGINE=InnoDB
			ROW_FORMAT=DYNAMIC
			CHARACTER SET=utf8mb4
			COLLATE=utf8mb4_unicode_ci
2026-08-17 12:39:04,514 WARNING database DDL Query made to DB:
create table `tabSubcontracting BOM` (
			name varchar(140) primary key,
			creation datetime(6),
			modified datetime(6),
			modified_by varchar(140),
			owner varchar(140),
			docstatus tinyint not null default '0',
			idx int not null default '0',
			`is_active` tinyint(4) NOT NULL DEFAULT 1,
`finished_good` varchar(140),
`finished_good_qty` decimal(21,9) NOT NULL DEFAULT 1.0,
`finished_good_uom` varchar(140),
`finished_good_bom` varchar(140),
`service_item` varchar(140),
`service_item_qty` decimal(21,9) NOT NULL DEFAULT 1.0,
`service_item_uom` varchar(140),
`conversion_factor` decimal(21,9) NOT NULL DEFAULT 0.0,
`_user_tags` text,
`_comments` text,
`_assign` text,
`_liked_by` text,
index `finished_good`(`finished_good`),
index `finished_good_bom`(`finished_good_bom`),
index `service_item`(`service_item`),
index creation(creation))
			ENGINE=InnoDB
			ROW_FORMAT=DYNAMIC
			CHARACTER SET=utf8mb4
			COLLATE=utf8mb4_unicode_ci
2026-08-17 12:39:04,900 WARNING database DDL Query made to DB:
create table `tabSubcontracting Receipt Item` (
			name varchar(140) primary key,
			creation datetime(6),
			modified datetime(6),
			modified_by varchar(140),
			owner varchar(140),
			docstatus tinyint not null default '0',
			idx int not null default '0',
			`item_code` varchar(140),
`is_legacy_scrap_item` tinyint(4) NOT NULL DEFAULT 0,
`type` varchar(140),
`item_name` varchar(140),
`description` longtext,
`brand` varchar(140),
`image` text,
`received_qty` decimal(21,9) NOT NULL DEFAULT 0.0,
`qty` decimal(21,9) NOT NULL DEFAULT 0.0,
`rejected_qty` decimal(21,9) NOT NULL DEFAULT 0.0,
`returned_qty` decimal(21,9) NOT NULL DEFAULT 0.0,
`process_loss_qty` decimal(21,9) NOT NULL DEFAULT 0.0,
`stock_uom` varchar(140),
`conversion_factor` decimal(21,9) NOT NULL DEFAULT 1.0,
`rate` decimal(21,9) NOT NULL DEFAULT 0.0,
`amount` decimal(21,9) NOT NULL DEFAULT 0.0,
`landed_cost_voucher_amount` decimal(21,9) NOT NULL DEFAULT 0.0,
`rm_cost_per_qty` decimal(21,9) NOT NULL DEFAULT 0.0,
`service_cost_per_qty` decimal(21,9) NOT NULL DEFAULT 0.0,
`additional_cost_per_qty` decimal(21,9) NOT NULL DEFAULT 0.0,
`secondary_items_cost_per_qty` decimal(21,9) NOT NULL DEFAULT 0.0,
`rm_supp_cost` decimal(21,9) NOT NULL DEFAULT 0.0,
`warehouse` varchar(140),
`subcontracting_order` varchar(140),
`subcontracting_order_item` varchar(140),
`subcontracting_receipt_item` varchar(140),
`job_card` varchar(140),
`rejected_warehouse` varchar(140),
`bom` varchar(140),
`include_exploded_items` tinyint(4) NOT NULL DEFAULT 0,
`quality_inspection` varchar(140),
`schedule_date` date,
`reference_name` varchar(140),
`serial_and_batch_bundle` varchar(140),
`use_serial_batch_fields` tinyint(4) NOT NULL DEFAULT 0,
`rejected_serial_and_batch_bundle` varchar(140),
`serial_no` text,
`rejected_serial_no` text,
`batch_no` varchar(140),
`manufacturer` varchar(140),
`manufacturer_part_no` varchar(140),
`expense_account` varchar(140),
`service_expense_account` varchar(140),
`cost_center` varchar(140),
`project` varchar(140),
`page_break` tinyint(4) NOT NULL DEFAULT 0,
`purchase_order` varchar(140),
`purchase_order_item` varchar(140),
index `item_code`(`item_code`),
index `subcontracting_order`(`subcontracting_order`),
index `subcontracting_order_item`(`subcontracting_order_item`),
index `job_card`(`job_card`),
index `purchase_order`(`purchase_order`),
index `purchase_order_item`(`purchase_order_item`),
parent varchar(140),
parentfield varchar(140),
parenttype varchar(140),
index parent(parent))
			ENGINE=InnoDB
			ROW_FORMAT=DYNAMIC
			CHARACTER SET=utf8mb4
			COLLATE=utf8mb4_unicode_ci
2026-08-17 12:39:05,279 WARNING database DDL Query made to DB:
create table `tabCommon Code` (
			name varchar(140) primary key,
			creation datetime(6),
			modified datetime(6),
			modified_by varchar(140),
			owner varchar(140),
			docstatus tinyint not null default '0',
			idx int not null default '0',
			`code_list` varchar(140),
`canonical_uri` varchar(140),
`title` varchar(300),
`common_code` varchar(300),
`description` text,
`additional_data` longtext,
`_user_tags` text,
`_comments` text,
`_assign` text,
`_liked_by` text,
index `code_list`(`code_list`),
index `common_code`(`common_code`),
index creation(creation))
			ENGINE=InnoDB
			ROW_FORMAT=DYNAMIC
			CHARACTER SET=utf8mb4
			COLLATE=utf8mb4_unicode_ci
2026-08-17 12:39:05,345 WARNING database DDL Query made to DB:
ALTER TABLE `tabCommon Code`
				ADD INDEX IF NOT EXISTS `code_list_common_code_index`(code_list, common_code)
2026-08-17 12:39:05,422 WARNING database DDL Query made to DB:
create table `tabCode List` (
			name varchar(140) primary key,
			creation datetime(6),
			modified datetime(6),
			modified_by varchar(140),
			owner varchar(140),
			docstatus tinyint not null default '0',
			idx int not null default '0',
			`title` varchar(140),
`canonical_uri` varchar(140),
`url` varchar(140),
`default_common_code` varchar(140),
`version` varchar(140),
`publisher` varchar(140),
`publisher_id` varchar(140),
`description` text,
`_user_tags` text,
`_comments` text,
`_assign` text,
`_liked_by` text,
index creation(creation))
			ENGINE=InnoDB
			ROW_FORMAT=DYNAMIC
			CHARACTER SET=utf8mb4
			COLLATE=utf8mb4_unicode_ci
2026-08-17 12:39:08,013 WARNING database DDL Query made to DB:
ALTER TABLE `tabCustomer` ADD COLUMN `crm_deal` varchar(140)
2026-08-17 12:39:08,178 WARNING database DDL Query made to DB:
ALTER TABLE `tabQuotation` ADD COLUMN `crm_deal` varchar(140)
2026-08-17 12:39:17,872 WARNING database DDL Query made to DB:
ALTER TABLE `tabUTM Campaign` ADD COLUMN `crm_campaign` varchar(140)
2026-08-17 12:39:18,100 WARNING database DDL Query made to DB:
ALTER TABLE `tabContact` ADD COLUMN `is_billing_contact` tinyint(4) NOT NULL DEFAULT 0
2026-08-17 12:39:18,172 WARNING database DDL Query made to DB:
ALTER TABLE `tabAddress` ADD COLUMN `tax_category` varchar(140), ADD COLUMN `is_your_company_address` tinyint(4) NOT NULL DEFAULT 0
2026-08-17 12:39:18,417 WARNING database DDL Query made to DB:
ALTER TABLE `tabEmail Account` ADD COLUMN `company` varchar(140)
2026-08-17 12:39:18,501 WARNING database DDL Query made to DB:
ALTER TABLE `tabCommunication` ADD COLUMN `company` varchar(140)
2026-08-17 16:21:27,910 WARNING database DDL Query made to DB:
create table `tabRack` (
			name varchar(140) primary key,
			creation datetime(6),
			modified datetime(6),
			modified_by varchar(140),
			owner varchar(140),
			docstatus tinyint not null default '0',
			idx int not null default '0',
			`_user_tags` text,
`_comments` text,
`_assign` text,
`_liked_by` text,
index creation(creation))
			ENGINE=InnoDB
			ROW_FORMAT=DYNAMIC
			CHARACTER SET=utf8mb4
			COLLATE=utf8mb4_unicode_ci
2026-08-17 16:51:06,754 WARNING database DDL Query made to DB:
ALTER TABLE `tabRack` ADD COLUMN `data_fdgz` varchar(140)
2026-08-17 17:37:43,344 WARNING database DDL Query made to DB:
ALTER TABLE `tabRack` ADD COLUMN `rack_code` varchar(140) UNIQUE, ADD COLUMN `rack_name` varchar(140), ADD COLUMN `warehouse` varchar(140), ADD COLUMN `zone` varchar(140), ADD COLUMN `rack_type` varchar(140), ADD COLUMN `status` varchar(140) DEFAULT 'Active', ADD COLUMN `capacity` decimal(21,9) NOT NULL DEFAULT 0.0, ADD COLUMN `capacity_uom` varchar(140)
2026-08-17 17:37:43,345 WARNING database DDL Query made to DB:
ALTER TABLE `tabRack` ADD UNIQUE INDEX IF NOT EXISTS rack_code (`rack_code`)
2026-08-18 09:37:52,669 WARNING database DDL Query made to DB:
create table `tabRack Level Bin` (
			name varchar(140) primary key,
			creation datetime(6),
			modified datetime(6),
			modified_by varchar(140),
			owner varchar(140),
			docstatus tinyint not null default '0',
			idx int not null default '0',
			parent varchar(140),
parentfield varchar(140),
parenttype varchar(140),
index parent(parent))
			ENGINE=InnoDB
			ROW_FORMAT=DYNAMIC
			CHARACTER SET=utf8mb4
			COLLATE=utf8mb4_unicode_ci
2026-08-18 11:47:21,294 WARNING database DDL Query made to DB:
ALTER TABLE `tabStock Entry Detail` ADD COLUMN `rack` varchar(140), ADD COLUMN `to_rack` varchar(140)
2026-08-18 11:47:21,334 WARNING database DDL Query made to DB:
ALTER TABLE `tabStock Entry Detail` ADD INDEX `rack_index`(`rack`)
2026-08-18 11:47:21,451 WARNING database DDL Query made to DB:
ALTER TABLE `tabPacking Slip Item` ADD COLUMN `rack` varchar(140)
2026-08-18 11:47:21,484 WARNING database DDL Query made to DB:
ALTER TABLE `tabPacking Slip Item` ADD INDEX `rack_index`(`rack`)
2026-08-18 11:47:21,655 WARNING database DDL Query made to DB:
ALTER TABLE `tabPacked Item` ADD COLUMN `rack` varchar(140)
2026-08-18 11:47:21,689 WARNING database DDL Query made to DB:
ALTER TABLE `tabPacked Item` ADD INDEX `rack_index`(`rack`)
2026-08-18 11:47:21,789 WARNING database DDL Query made to DB:
ALTER TABLE `tabPOS Invoice Item` ADD COLUMN `rack` varchar(140)
2026-08-18 11:47:21,820 WARNING database DDL Query made to DB:
ALTER TABLE `tabPOS Invoice Item` ADD INDEX `rack_index`(`rack`)
2026-08-18 11:47:21,991 WARNING database DDL Query made to DB:
ALTER TABLE `tabPurchase Invoice Item` ADD COLUMN `rack` varchar(140), ADD COLUMN `rejected_rack` varchar(140), ADD COLUMN `from_rack` varchar(140)
2026-08-18 11:47:22,047 WARNING database DDL Query made to DB:
ALTER TABLE `tabPurchase Invoice Item` ADD INDEX `rack_index`(`rack`), ADD INDEX `rejected_rack_index`(`rejected_rack`)
2026-08-18 11:47:22,190 WARNING database DDL Query made to DB:
ALTER TABLE `tabStock Reconciliation Item` ADD COLUMN `rack` varchar(140)
2026-08-18 11:47:22,226 WARNING database DDL Query made to DB:
ALTER TABLE `tabStock Reconciliation Item` ADD INDEX `rack_index`(`rack`)
2026-08-18 11:47:22,416 WARNING database DDL Query made to DB:
ALTER TABLE `tabPurchase Receipt Item` ADD COLUMN `rack` varchar(140), ADD COLUMN `rejected_rack` varchar(140), ADD COLUMN `from_rack` varchar(140)
2026-08-18 11:47:22,465 WARNING database DDL Query made to DB:
ALTER TABLE `tabPurchase Receipt Item` ADD INDEX `rack_index`(`rack`), ADD INDEX `rejected_rack_index`(`rejected_rack`)
2026-08-18 11:47:22,597 WARNING database DDL Query made to DB:
ALTER TABLE `tabStock Ledger Entry` ADD COLUMN `rack` varchar(140)
2026-08-18 11:47:22,637 WARNING database DDL Query made to DB:
ALTER TABLE `tabStock Ledger Entry` ADD INDEX `rack_index`(`rack`)
2026-08-18 11:47:22,775 WARNING database DDL Query made to DB:
ALTER TABLE `tabQuality Inspection` ADD COLUMN `rack` varchar(140)
2026-08-18 11:47:22,808 WARNING database DDL Query made to DB:
ALTER TABLE `tabQuality Inspection` ADD INDEX `rack_index`(`rack`)
2026-08-18 11:47:22,956 WARNING database DDL Query made to DB:
ALTER TABLE `tabSubcontracting Receipt Supplied Item` ADD COLUMN `rack` varchar(140)
2026-08-18 11:47:22,996 WARNING database DDL Query made to DB:
ALTER TABLE `tabSubcontracting Receipt Supplied Item` ADD INDEX `rack_index`(`rack`), ADD INDEX `modified`(`modified`)
2026-08-18 11:47:23,124 WARNING database DDL Query made to DB:
ALTER TABLE `tabSubcontracting Receipt Item` ADD COLUMN `rack` varchar(140)
2026-08-18 11:47:23,159 WARNING database DDL Query made to DB:
ALTER TABLE `tabSubcontracting Receipt Item` ADD INDEX `rack_index`(`rack`), ADD INDEX `modified`(`modified`)
2026-08-18 11:47:23,242 WARNING database DDL Query made to DB:
ALTER TABLE `tabWarranty Claim` ADD COLUMN `rack` varchar(140)
2026-08-18 11:47:23,278 WARNING database DDL Query made to DB:
ALTER TABLE `tabWarranty Claim` ADD INDEX `rack_index`(`rack`)
2026-08-18 11:47:23,400 WARNING database DDL Query made to DB:
ALTER TABLE `tabPutaway Rule` ADD COLUMN `rack` varchar(140)
2026-08-18 11:47:23,433 WARNING database DDL Query made to DB:
ALTER TABLE `tabPutaway Rule` ADD INDEX `rack_index`(`rack`)
2026-08-18 11:47:23,649 WARNING database DDL Query made to DB:
ALTER TABLE `tabSales Invoice Item` ADD COLUMN `rack` varchar(140), ADD COLUMN `to_rack` varchar(140)
2026-08-18 11:47:23,688 WARNING database DDL Query made to DB:
ALTER TABLE `tabSales Invoice Item` ADD INDEX `rack_index`(`rack`)
2026-08-18 11:47:23,814 WARNING database DDL Query made to DB:
ALTER TABLE `tabStock Closing Balance` ADD COLUMN `rack` varchar(140)
2026-08-18 11:47:23,848 WARNING database DDL Query made to DB:
ALTER TABLE `tabStock Closing Balance` ADD INDEX `rack_index`(`rack`)
2026-08-18 11:47:24,033 WARNING database DDL Query made to DB:
ALTER TABLE `tabDelivery Note Item` ADD COLUMN `rack` varchar(140), ADD COLUMN `to_rack` varchar(140)
2026-08-18 11:47:24,069 WARNING database DDL Query made to DB:
ALTER TABLE `tabDelivery Note Item` ADD INDEX `rack_index`(`rack`)
2026-08-18 11:47:24,201 WARNING database DDL Query made to DB:
ALTER TABLE `tabAsset Capitalization Stock Item` ADD COLUMN `rack` varchar(140)
2026-08-18 11:47:24,234 WARNING database DDL Query made to DB:
ALTER TABLE `tabAsset Capitalization Stock Item` ADD INDEX `rack_index`(`rack`)
2026-08-18 11:47:24,382 WARNING database DDL Query made to DB:
ALTER TABLE `tabJob Card` ADD COLUMN `rack` varchar(140)
2026-08-18 11:47:24,415 WARNING database DDL Query made to DB:
ALTER TABLE `tabJob Card` ADD INDEX `rack_index`(`rack`)
2026-08-18 11:47:24,555 WARNING database DDL Query made to DB:
ALTER TABLE `tabPurchase Receipt Item Supplied` ADD COLUMN `rack` varchar(140)
2026-08-18 11:47:24,587 WARNING database DDL Query made to DB:
ALTER TABLE `tabPurchase Receipt Item Supplied` ADD INDEX `rack_index`(`rack`)
2026-08-18 12:08:18,565 WARNING database DDL Query made to DB:
alter table `tabRack Level Bin` add column if not exists parent varchar(140)
2026-08-18 12:08:18,568 WARNING database DDL Query made to DB:
alter table `tabRack Level Bin` add column if not exists parenttype varchar(140)
2026-08-18 12:08:18,571 WARNING database DDL Query made to DB:
alter table `tabRack Level Bin` add column if not exists parentfield varchar(140)
2026-08-18 12:20:05,591 WARNING database DDL Query made to DB:
alter table `tabRack Level Bin` add column if not exists parent varchar(140)
2026-08-18 12:20:05,592 WARNING database DDL Query made to DB:
alter table `tabRack Level Bin` add column if not exists parenttype varchar(140)
2026-08-18 12:20:05,593 WARNING database DDL Query made to DB:
alter table `tabRack Level Bin` add column if not exists parentfield varchar(140)
2026-08-18 12:20:05,695 WARNING database DDL Query made to DB:
ALTER TABLE `tabRack Level Bin` ADD COLUMN `level_no` int(11) NOT NULL DEFAULT 0, ADD COLUMN `bin_code` varchar(140), ADD COLUMN `bin_type` varchar(140), ADD COLUMN `capacity` decimal(21,9) NOT NULL DEFAULT 0.0, ADD COLUMN `max_weight` decimal(21,9) NOT NULL DEFAULT 0.0, ADD COLUMN `status` varchar(140), ADD COLUMN `barcode` varchar(140)
2026-08-18 13:27:31,574 WARNING database DDL Query made to DB:
create table `tabStorage Location` (
			name varchar(140) primary key,
			creation datetime(6),
			modified datetime(6),
			modified_by varchar(140),
			owner varchar(140),
			docstatus tinyint not null default '0',
			idx int not null default '0',
			`_user_tags` text,
`_comments` text,
`_assign` text,
`_liked_by` text,
index creation(creation))
			ENGINE=InnoDB
			ROW_FORMAT=DYNAMIC
			CHARACTER SET=utf8mb4
			COLLATE=utf8mb4_unicode_ci
2026-08-18 13:55:42,434 WARNING database DDL Query made to DB:
ALTER TABLE `tabStorage Location` ADD COLUMN `location_name` varchar(140), ADD COLUMN `warehouse` varchar(140), ADD COLUMN `rack` varchar(140), ADD COLUMN `level` varchar(140), ADD COLUMN `bin` varchar(140), ADD COLUMN `location_type` varchar(140), ADD COLUMN `is_active` tinyint(4) NOT NULL DEFAULT 0
2026-08-18 16:22:12,515 WARNING database DDL Query made to DB:
create table `tabWMS Level` (
			name varchar(140) primary key,
			creation datetime(6),
			modified datetime(6),
			modified_by varchar(140),
			owner varchar(140),
			docstatus tinyint not null default '0',
			idx int not null default '0',
			`_user_tags` text,
`_comments` text,
`_assign` text,
`_liked_by` text,
index creation(creation))
			ENGINE=InnoDB
			ROW_FORMAT=DYNAMIC
			CHARACTER SET=utf8mb4
			COLLATE=utf8mb4_unicode_ci
2026-08-18 16:27:40,121 WARNING database DDL Query made to DB:
ALTER TABLE `tabWMS Level` ADD COLUMN `level_name` varchar(140), ADD COLUMN `rack` varchar(140)
2026-08-18 16:28:14,164 WARNING database DDL Query made to DB:
create table `tabWMS Bin` (
			name varchar(140) primary key,
			creation datetime(6),
			modified datetime(6),
			modified_by varchar(140),
			owner varchar(140),
			docstatus tinyint not null default '0',
			idx int not null default '0',
			`_user_tags` text,
`_comments` text,
`_assign` text,
`_liked_by` text,
index creation(creation))
			ENGINE=InnoDB
			ROW_FORMAT=DYNAMIC
			CHARACTER SET=utf8mb4
			COLLATE=utf8mb4_unicode_ci
2026-08-18 16:30:45,463 WARNING database DDL Query made to DB:
ALTER TABLE `tabWMS Bin` ADD COLUMN `bin_name` varchar(140), ADD COLUMN `level` varchar(140), ADD COLUMN `capacity` decimal(21,9) NOT NULL DEFAULT 0.0, ADD COLUMN `status` varchar(140)
2026-08-18 16:33:59,106 WARNING database DDL Query made to DB:
alter table `tabWMS Bin` add column if not exists parent varchar(140)
2026-08-18 16:33:59,132 WARNING database DDL Query made to DB:
alter table `tabWMS Bin` add column if not exists parenttype varchar(140)
2026-08-18 16:33:59,159 WARNING database DDL Query made to DB:
alter table `tabWMS Bin` add column if not exists parentfield varchar(140)
2026-08-18 17:04:17,810 WARNING database DDL Query made to DB:
alter table `tabWMS Level` add column if not exists parent varchar(140)
2026-08-18 17:04:17,836 WARNING database DDL Query made to DB:
alter table `tabWMS Level` add column if not exists parenttype varchar(140)
2026-08-18 17:04:17,863 WARNING database DDL Query made to DB:
alter table `tabWMS Level` add column if not exists parentfield varchar(140)
2026-08-18 17:08:28,825 WARNING database DDL Query made to DB:
ALTER TABLE `tabStorage Location` ADD UNIQUE INDEX IF NOT EXISTS location_name (`location_name`)
2026-08-18 17:17:55,445 WARNING database DDL Query made to DB:
create table `tabWMS Bin Stock` (
			name varchar(140) primary key,
			creation datetime(6),
			modified datetime(6),
			modified_by varchar(140),
			owner varchar(140),
			docstatus tinyint not null default '0',
			idx int not null default '0',
			`_user_tags` text,
`_comments` text,
`_assign` text,
`_liked_by` text,
index creation(creation))
			ENGINE=InnoDB
			ROW_FORMAT=DYNAMIC
			CHARACTER SET=utf8mb4
			COLLATE=utf8mb4_unicode_ci
2026-08-18 17:33:35,576 WARNING database DDL Query made to DB:
ALTER TABLE `tabWMS Bin Stock` ADD COLUMN `item` varchar(140), ADD COLUMN `warehouse` varchar(140), ADD COLUMN `link` varchar(140), ADD COLUMN `level` varchar(140), ADD COLUMN `bin` varchar(140), ADD COLUMN `quantity` decimal(21,9) NOT NULL DEFAULT 0.0, ADD COLUMN `uom` varchar(140)
2026-08-19 11:20:49,433 WARNING database DDL Query made to DB:
ALTER TABLE `tabWMS Bin Stock` ADD COLUMN `rack` varchar(140), ADD COLUMN `storage_location` varchar(140), ADD COLUMN `reserved_quantity` decimal(21,9) NOT NULL DEFAULT 0.0, ADD COLUMN `available_quantity` decimal(21,9) NOT NULL DEFAULT 0.0, ADD COLUMN `last_stock_update` datetime(6)
2026-08-19 12:15:16,742 WARNING database DDL Query made to DB:
create table `tabWMS Stock Movement` (
			name varchar(140) primary key,
			creation datetime(6),
			modified datetime(6),
			modified_by varchar(140),
			owner varchar(140),
			docstatus tinyint not null default '0',
			idx int not null default '0',
			`_user_tags` text,
`_comments` text,
`_assign` text,
`_liked_by` text,
index creation(creation))
			ENGINE=InnoDB
			ROW_FORMAT=DYNAMIC
			CHARACTER SET=utf8mb4
			COLLATE=utf8mb4_unicode_ci
2026-08-19 12:44:59,262 WARNING database DDL Query made to DB:
ALTER TABLE `tabWMS Stock Movement` ADD COLUMN `item` varchar(140), ADD COLUMN `warehouse` varchar(140), ADD COLUMN `from_storage_location` varchar(140), ADD COLUMN `bin` varchar(140), ADD COLUMN `to_storage_location` varchar(140), ADD COLUMN `to_bin` varchar(140), ADD COLUMN `quantity` decimal(21,9) NOT NULL DEFAULT 0.0, ADD COLUMN `uom` varchar(140), ADD COLUMN `movement_date` date, ADD COLUMN `status` varchar(140)
2026-08-19 14:18:54,894 WARNING database DDL Query made to DB:
ALTER TABLE `tabQuality Inspection` ADD COLUMN `level` varchar(140)
2026-08-19 14:18:54,934 WARNING database DDL Query made to DB:
ALTER TABLE `tabQuality Inspection` ADD INDEX `level_index`(`level`)
2026-08-19 14:18:55,027 WARNING database DDL Query made to DB:
ALTER TABLE `tabDelivery Note Item` ADD COLUMN `level` varchar(140), ADD COLUMN `to_level` varchar(140)
2026-08-19 14:18:55,055 WARNING database DDL Query made to DB:
ALTER TABLE `tabDelivery Note Item` ADD INDEX `level_index`(`level`)
2026-08-19 14:18:55,118 WARNING database DDL Query made to DB:
ALTER TABLE `tabStock Ledger Entry` ADD COLUMN `level` varchar(140)
2026-08-19 14:18:55,149 WARNING database DDL Query made to DB:
ALTER TABLE `tabStock Ledger Entry` ADD INDEX `level_index`(`level`)
2026-08-19 14:18:55,216 WARNING database DDL Query made to DB:
ALTER TABLE `tabSubcontracting Receipt Item` ADD COLUMN `level` varchar(140)
2026-08-19 14:18:55,247 WARNING database DDL Query made to DB:
ALTER TABLE `tabSubcontracting Receipt Item` ADD INDEX `level_index`(`level`)
2026-08-19 14:18:55,379 WARNING database DDL Query made to DB:
ALTER TABLE `tabStock Reconciliation Item` ADD COLUMN `level` varchar(140)
2026-08-19 14:18:55,420 WARNING database DDL Query made to DB:
ALTER TABLE `tabStock Reconciliation Item` ADD INDEX `level_index`(`level`)
2026-08-19 14:18:55,538 WARNING database DDL Query made to DB:
ALTER TABLE `tabSales Invoice Item` ADD COLUMN `level` varchar(140), ADD COLUMN `to_level` varchar(140)
2026-08-19 14:18:55,569 WARNING database DDL Query made to DB:
ALTER TABLE `tabSales Invoice Item` ADD INDEX `level_index`(`level`)
2026-08-19 14:18:55,646 WARNING database DDL Query made to DB:
ALTER TABLE `tabStock Closing Balance` ADD COLUMN `level` varchar(140)
2026-08-19 14:18:55,678 WARNING database DDL Query made to DB:
ALTER TABLE `tabStock Closing Balance` ADD INDEX `level_index`(`level`)
2026-08-19 14:18:55,777 WARNING database DDL Query made to DB:
ALTER TABLE `tabPutaway Rule` ADD COLUMN `level` varchar(140)
2026-08-19 14:18:55,803 WARNING database DDL Query made to DB:
ALTER TABLE `tabPutaway Rule` ADD INDEX `level_index`(`level`)
2026-08-19 14:18:55,859 WARNING database DDL Query made to DB:
ALTER TABLE `tabPacking Slip Item` ADD COLUMN `level` varchar(140)
2026-08-19 14:18:55,888 WARNING database DDL Query made to DB:
ALTER TABLE `tabPacking Slip Item` ADD INDEX `level_index`(`level`)
2026-08-19 14:18:56,000 WARNING database DDL Query made to DB:
ALTER TABLE `tabSubcontracting Receipt Supplied Item` ADD COLUMN `level` varchar(140)
2026-08-19 14:18:56,028 WARNING database DDL Query made to DB:
ALTER TABLE `tabSubcontracting Receipt Supplied Item` ADD INDEX `level_index`(`level`)
2026-08-19 14:18:56,137 WARNING database DDL Query made to DB:
ALTER TABLE `tabPurchase Invoice Item` ADD COLUMN `level` varchar(140), ADD COLUMN `rejected_level` varchar(140), ADD COLUMN `from_level` varchar(140)
2026-08-19 14:18:56,178 WARNING database DDL Query made to DB:
ALTER TABLE `tabPurchase Invoice Item` ADD INDEX `level_index`(`level`), ADD INDEX `rejected_level_index`(`rejected_level`)
2026-08-19 14:18:56,282 WARNING database DDL Query made to DB:
ALTER TABLE `tabPOS Invoice Item` ADD COLUMN `level` varchar(140)
2026-08-19 14:18:56,308 WARNING database DDL Query made to DB:
ALTER TABLE `tabPOS Invoice Item` ADD INDEX `level_index`(`level`)
2026-08-19 14:18:56,364 WARNING database DDL Query made to DB:
ALTER TABLE `tabPurchase Receipt Item Supplied` ADD COLUMN `level` varchar(140)
2026-08-19 14:18:56,393 WARNING database DDL Query made to DB:
ALTER TABLE `tabPurchase Receipt Item Supplied` ADD INDEX `level_index`(`level`)
2026-08-19 14:18:56,474 WARNING database DDL Query made to DB:
ALTER TABLE `tabStock Entry Detail` ADD COLUMN `level` varchar(140), ADD COLUMN `to_level` varchar(140)
2026-08-19 14:18:56,507 WARNING database DDL Query made to DB:
ALTER TABLE `tabStock Entry Detail` ADD INDEX `level_index`(`level`)
2026-08-19 14:18:56,609 WARNING database DDL Query made to DB:
ALTER TABLE `tabAsset Capitalization Stock Item` ADD COLUMN `level` varchar(140)
2026-08-19 14:18:56,639 WARNING database DDL Query made to DB:
ALTER TABLE `tabAsset Capitalization Stock Item` ADD INDEX `level_index`(`level`)
2026-08-19 14:18:56,706 WARNING database DDL Query made to DB:
ALTER TABLE `tabJob Card` ADD COLUMN `level` varchar(140)
2026-08-19 14:18:56,731 WARNING database DDL Query made to DB:
ALTER TABLE `tabJob Card` ADD INDEX `level_index`(`level`)
2026-08-19 14:18:56,808 WARNING database DDL Query made to DB:
ALTER TABLE `tabPacked Item` ADD COLUMN `level` varchar(140)
2026-08-19 14:18:56,835 WARNING database DDL Query made to DB:
ALTER TABLE `tabPacked Item` ADD INDEX `level_index`(`level`)
2026-08-19 14:18:56,914 WARNING database DDL Query made to DB:
ALTER TABLE `tabPurchase Receipt Item` ADD COLUMN `level` varchar(140), ADD COLUMN `rejected_level` varchar(140), ADD COLUMN `from_level` varchar(140)
2026-08-19 14:18:56,950 WARNING database DDL Query made to DB:
ALTER TABLE `tabPurchase Receipt Item` ADD INDEX `level_index`(`level`), ADD INDEX `rejected_level_index`(`rejected_level`)
2026-08-19 14:18:57,014 WARNING database DDL Query made to DB:
ALTER TABLE `tabWarranty Claim` ADD COLUMN `level` varchar(140)
2026-08-19 14:18:57,041 WARNING database DDL Query made to DB:
ALTER TABLE `tabWarranty Claim` ADD INDEX `level_index`(`level`)
2026-08-19 14:19:43,063 WARNING database DDL Query made to DB:
ALTER TABLE `tabQuality Inspection` ADD COLUMN `bin` varchar(140)
2026-08-19 14:19:43,094 WARNING database DDL Query made to DB:
ALTER TABLE `tabQuality Inspection` ADD INDEX `bin_index`(`bin`)
2026-08-19 14:19:43,250 WARNING database DDL Query made to DB:
ALTER TABLE `tabDelivery Note Item` ADD COLUMN `bin` varchar(140), ADD COLUMN `to_bin` varchar(140)
2026-08-19 14:19:43,284 WARNING database DDL Query made to DB:
ALTER TABLE `tabDelivery Note Item` ADD INDEX `bin_index`(`bin`)
2026-08-19 14:19:43,389 WARNING database DDL Query made to DB:
ALTER TABLE `tabStock Ledger Entry` ADD COLUMN `bin` varchar(140)
2026-08-19 14:19:43,421 WARNING database DDL Query made to DB:
ALTER TABLE `tabStock Ledger Entry` ADD INDEX `bin_index`(`bin`)
2026-08-19 14:19:43,551 WARNING database DDL Query made to DB:
ALTER TABLE `tabSubcontracting Receipt Item` ADD COLUMN `bin` varchar(140)
2026-08-19 14:19:43,585 WARNING database DDL Query made to DB:
ALTER TABLE `tabSubcontracting Receipt Item` ADD INDEX `bin_index`(`bin`)
2026-08-19 14:19:43,700 WARNING database DDL Query made to DB:
ALTER TABLE `tabStock Reconciliation Item` ADD COLUMN `bin` varchar(140)
2026-08-19 14:19:43,732 WARNING database DDL Query made to DB:
ALTER TABLE `tabStock Reconciliation Item` ADD INDEX `bin_index`(`bin`)
2026-08-19 14:19:43,871 WARNING database DDL Query made to DB:
ALTER TABLE `tabSales Invoice Item` ADD COLUMN `bin` varchar(140), ADD COLUMN `to_bin` varchar(140)
2026-08-19 14:19:43,905 WARNING database DDL Query made to DB:
ALTER TABLE `tabSales Invoice Item` ADD INDEX `bin_index`(`bin`)
2026-08-19 14:19:44,004 WARNING database DDL Query made to DB:
ALTER TABLE `tabStock Closing Balance` ADD COLUMN `bin` varchar(140)
2026-08-19 14:19:44,031 WARNING database DDL Query made to DB:
ALTER TABLE `tabStock Closing Balance` ADD INDEX `bin_index`(`bin`)
2026-08-19 14:19:44,080 WARNING database DDL Query made to DB:
ALTER TABLE `tabPutaway Rule` ADD COLUMN `bin` varchar(140)
2026-08-19 14:19:44,106 WARNING database DDL Query made to DB:
ALTER TABLE `tabPutaway Rule` ADD INDEX `bin_index`(`bin`)
2026-08-19 14:19:44,160 WARNING database DDL Query made to DB:
ALTER TABLE `tabPacking Slip Item` ADD COLUMN `bin` varchar(140)
2026-08-19 14:19:44,189 WARNING database DDL Query made to DB:
ALTER TABLE `tabPacking Slip Item` ADD INDEX `bin_index`(`bin`)
2026-08-19 14:19:44,294 WARNING database DDL Query made to DB:
ALTER TABLE `tabSubcontracting Receipt Supplied Item` ADD COLUMN `bin` varchar(140)
2026-08-19 14:19:44,322 WARNING database DDL Query made to DB:
ALTER TABLE `tabSubcontracting Receipt Supplied Item` ADD INDEX `bin_index`(`bin`)
2026-08-19 14:19:44,432 WARNING database DDL Query made to DB:
ALTER TABLE `tabPurchase Invoice Item` ADD COLUMN `bin` varchar(140), ADD COLUMN `rejected_bin` varchar(140), ADD COLUMN `from_bin` varchar(140)
2026-08-19 14:19:44,467 WARNING database DDL Query made to DB:
ALTER TABLE `tabPurchase Invoice Item` ADD INDEX `bin_index`(`bin`), ADD INDEX `rejected_bin_index`(`rejected_bin`)
2026-08-19 14:19:44,584 WARNING database DDL Query made to DB:
ALTER TABLE `tabPOS Invoice Item` ADD COLUMN `bin` varchar(140)
2026-08-19 14:19:44,617 WARNING database DDL Query made to DB:
ALTER TABLE `tabPOS Invoice Item` ADD INDEX `bin_index`(`bin`)
2026-08-19 14:19:44,712 WARNING database DDL Query made to DB:
ALTER TABLE `tabPurchase Receipt Item Supplied` ADD COLUMN `bin` varchar(140)
2026-08-19 14:19:44,740 WARNING database DDL Query made to DB:
ALTER TABLE `tabPurchase Receipt Item Supplied` ADD INDEX `bin_index`(`bin`)
2026-08-19 14:19:44,840 WARNING database DDL Query made to DB:
ALTER TABLE `tabStock Entry Detail` ADD COLUMN `bin` varchar(140), ADD COLUMN `to_bin` varchar(140)
2026-08-19 14:19:44,876 WARNING database DDL Query made to DB:
ALTER TABLE `tabStock Entry Detail` ADD INDEX `bin_index`(`bin`)
2026-08-19 14:19:44,988 WARNING database DDL Query made to DB:
ALTER TABLE `tabAsset Capitalization Stock Item` ADD COLUMN `bin` varchar(140)
2026-08-19 14:19:45,015 WARNING database DDL Query made to DB:
ALTER TABLE `tabAsset Capitalization Stock Item` ADD INDEX `bin_index`(`bin`)
2026-08-19 14:19:45,093 WARNING database DDL Query made to DB:
ALTER TABLE `tabJob Card` ADD COLUMN `bin` varchar(140)
2026-08-19 14:19:45,121 WARNING database DDL Query made to DB:
ALTER TABLE `tabJob Card` ADD INDEX `bin_index`(`bin`)
2026-08-19 14:19:45,189 WARNING database DDL Query made to DB:
ALTER TABLE `tabPacked Item` ADD COLUMN `bin` varchar(140)
2026-08-19 14:19:45,215 WARNING database DDL Query made to DB:
ALTER TABLE `tabPacked Item` ADD INDEX `bin_index`(`bin`)
2026-08-19 14:19:45,295 WARNING database DDL Query made to DB:
ALTER TABLE `tabPurchase Receipt Item` ADD COLUMN `bin` varchar(140), ADD COLUMN `rejected_bin` varchar(140), ADD COLUMN `from_bin` varchar(140)
2026-08-19 14:19:45,335 WARNING database DDL Query made to DB:
ALTER TABLE `tabPurchase Receipt Item` ADD INDEX `bin_index`(`bin`), ADD INDEX `rejected_bin_index`(`rejected_bin`)
2026-08-19 14:19:45,444 WARNING database DDL Query made to DB:
ALTER TABLE `tabWarranty Claim` ADD COLUMN `bin` varchar(140)
2026-08-19 14:19:45,479 WARNING database DDL Query made to DB:
ALTER TABLE `tabWarranty Claim` ADD INDEX `bin_index`(`bin`)
2026-08-19 16:12:11,726 WARNING database DDL Query made to DB:
create table `tabWMS Receiving` (
			name varchar(140) primary key,
			creation datetime(6),
			modified datetime(6),
			modified_by varchar(140),
			owner varchar(140),
			docstatus tinyint not null default '0',
			idx int not null default '0',
			`_user_tags` text,
`_comments` text,
`_assign` text,
`_liked_by` text,
index creation(creation))
			ENGINE=InnoDB
			ROW_FORMAT=DYNAMIC
			CHARACTER SET=utf8mb4
			COLLATE=utf8mb4_unicode_ci
2026-08-19 16:28:47,309 WARNING database DDL Query made to DB:
ALTER TABLE `tabWMS Receiving` ADD COLUMN `receiving_date` varchar(140), ADD COLUMN `warehouse` varchar(140), ADD COLUMN `item` varchar(140), ADD COLUMN `quantity` decimal(21,9) NOT NULL DEFAULT 0.0, ADD COLUMN `uom` varchar(140), ADD COLUMN `source_document` varchar(140), ADD COLUMN `storage_location` varchar(140), ADD COLUMN `receiving_bin` varchar(140), ADD COLUMN `status` varchar(140), ADD COLUMN `remarks` text
2026-08-19 16:33:26,443 WARNING database DDL Query made to DB:
create table `tabWMS Putaway` (
			name varchar(140) primary key,
			creation datetime(6),
			modified datetime(6),
			modified_by varchar(140),
			owner varchar(140),
			docstatus tinyint not null default '0',
			idx int not null default '0',
			`_user_tags` text,
`_comments` text,
`_assign` text,
`_liked_by` text,
index creation(creation))
			ENGINE=InnoDB
			ROW_FORMAT=DYNAMIC
			CHARACTER SET=utf8mb4
			COLLATE=utf8mb4_unicode_ci
2026-08-19 16:49:42,445 WARNING database DDL Query made to DB:
ALTER TABLE `tabWMS Putaway` ADD COLUMN `putaway_date` varchar(140), ADD COLUMN `warehouse` varchar(140), ADD COLUMN `item` varchar(140), ADD COLUMN `quantity` decimal(21,9) NOT NULL DEFAULT 0.0, ADD COLUMN `uom` varchar(140), ADD COLUMN `storage_location` varchar(140), ADD COLUMN `rack` varchar(140), ADD COLUMN `level` varchar(140), ADD COLUMN `bin` varchar(140), ADD COLUMN `status` varchar(140), ADD COLUMN `renarks` text
