2026-08-21 11:33:07,039 ERROR frappe New Exception collected in error log
Site: wms.local
Form Dict: {'cmd': 'tcb_wms.tcb_wms.api.bin.get_bins'}
2026-08-21 11:35:06,655 ERROR frappe New Exception collected in error log
Site: wms.local
Form Dict: {'cmd': 'tcb_wms.tcb_wms.api.bin.get_bins'}
2026-08-21 11:39:30,136 ERROR frappe New Exception collected in error log
Site: wms.local
Form Dict: {'cmd': 'tcb_wms.api.bin.get_bins'}
2026-08-21 11:40:55,891 ERROR frappe New Exception collected in error log
Site: wms.local
Form Dict: {'cmd': 'tcb_wms.tcb_wms.api.bin.get_bins'}
2026-08-21 12:10:07,237 ERROR frappe New Exception collected in error log
Site: wms.local
Form Dict: {'cmd': 'tcb_wms.api.storage_location.get_storage_locations'}
2026-08-21 12:15:35,981 ERROR frappe New Exception collected in error log
Site: wms.local
Form Dict: {'cmd': 'tcb_wms.api.get_storage_locations'}
2026-08-21 12:16:49,973 ERROR frappe New Exception collected in error log
Site: wms.local
Form Dict: {'cmd': 'tcb_wms.tcb_wms.api.get_storage_locations'}
2026-08-22 10:26:00,776 ERROR frappe New Exception collected in error log
Site: wms.local
Form Dict: {'doc': '{"name":"WMS Level","owner":"Administrator","creation":"2026-08-18 16:22:12.297106","modified":"2026-08-20 11:06:01.137300","modified_by":"Administrator","docstatus":0,"idx":0,"read_only":0,"in_create":0,"protect_attached_files":0,"naming_rule":"By fieldname","allow_rename":1,"module":"TCB WMS","is_submittable":0,"istable":0,"issingle":0,"is_tree":0,"is_calendar_and_gantt":0,"editable_grid":0,"quick_entry":0,"grid_page_length":50,"rows_threshold_for_grid_search":20,"allow_bulk_edit":1,"track_changes":0,"track_seen":0,"track_views":0,"custom":0,"beta":0,"is_virtual":0,"queue_in_background":0,"max_attachments":0,"hide_toolbar":0,"allow_copy":0,"allow_import":0,"allow_events_in_timeline":0,"allow_auto_repeat":0,"make_attachments_public":0,"show_title_field_in_link":0,"translated_doctype":0,"sort_field":"creation","sort_order":"DESC","force_re_route_to_default_view":0,"document_type":"","show_preview_popup":0,"show_name_in_global_search":0,"email_append_to":0,"has_web_view":0,"allow_guest_to_view":0,"index_web_pages_for_search":1,"engine":"InnoDB","row_format":"Dynamic","doctype":"DocType","fields":[{"name":"fcr4lkolcf","owner":"Administrator","creation":"2026-08-18 16:22:12.297106","modified":"2026-08-18 17:06:07.481276","modified_by":"Administrator","docstatus":0,"idx":1,"label":"","fieldtype":"Section Break","fieldname":"section_break_jobk","length":0,"precision":"","non_negative":0,"hide_days":0,"hide_seconds":0,"reqd":0,"is_virtual":0,"search_index":0,"not_nullable":0,"mask":0,"sort_options":0,"show_dashboard":0,"fetch_if_empty":0,"button_color":"","hidden":0,"show_on_timeline":0,"bold":0,"allow_in_quick_entry":0,"translatable":0,"print_hide":0,"print_hide_if_no_value":0,"report_hide":0,"collapsible":0,"hide_border":0,"in_list_view":0,"in_standard_filter":0,"in_preview":0,"sticky":0,"in_filter":0,"in_global_search":0,"read_only":0,"allow_on_submit":0,"ignore_user_permissions":0,"allow_bulk_edit":0,"make_attachment_public":0,"permlevel":0,"ignore_xss_filter":0,"unique":0,"no_copy":0,"set_only_once":0,"remember_last_selected_value":0,"alignment":"","columns":0,"show_description_on_click":0,"parent":"WMS Level","parentfield":"fields","parenttype":"DocType","doctype":"DocField"},{"name":"ij69d7k53d","owner":"Administrator","creation":"2026-08-18 16:22:12.297106","modified":"2026-08-18 17:06:07.481276","modified_by":"Administrator","docstatus":0,"idx":2,"label":"Level Name","fieldtype":"Data","fieldname":"level_name","length":0,"precision":"","non_negative":0,"hide_days":0,"hide_seconds":0,"reqd":1,"is_virtual":0,"search_index":0,"not_nullable":0,"mask":0,"sort_options":0,"show_dashboard":0,"fetch_if_empty":0,"button_color":"","hidden":0,"show_on_timeline":0,"bold":0,"allow_in_quick_entry":0,"translatable":0,"print_hide":0,"print_hide_if_no_value":0,"report_hide":0,"collapsible":0,"hide_border":0,"in_list_view":1,"in_standard_filter":0,"in_preview":0,"sticky":0,"in_filter":0,"in_global_search":0,"read_only":0,"allow_on_submit":0,"ignore_user_permissions":0,"allow_bulk_edit":0,"make_attachment_public":0,"permlevel":0,"ignore_xss_filter":0,"unique":0,"no_copy":0,"set_only_once":0,"remember_last_selected_value":0,"alignment":"","columns":0,"show_description_on_click":0,"parent":"WMS Level","parentfield":"fields","parenttype":"DocType","doctype":"DocField"},{"name":"ij6tuaq5hs","owner":"Administrator","creation":"2026-08-18 16:22:12.297106","modified":"2026-08-18 17:06:07.481276","modified_by":"Administrator","docstatus":0,"idx":3,"label":"Rack","fieldtype":"Link","fieldname":"rack","length":0,"precision":"","non_negative":0,"hide_days":0,"hide_seconds":0,"reqd":1,"is_virtual":0,"search_index":0,"not_nullable":0,"mask":0,"options":"Rack","sort_options":0,"show_dashboard":0,"fetch_if_empty":0,"button_color":"","hidden":0,"show_on_timeline":0,"bold":0,"allow_in_quick_entry":0,"translatable":0,"print_hide":0,"print_hide_if_no_value":0,"report_hide":0,"collapsible":0,"hide_border":0,"in_list_view":1,"in_standard_filter":0,"in_preview":0,"sticky":0,"in_filter":0,"in_global_search":0,"read_only":0,"allow_on_submit":0,"ignore_user_permissions":0,"allow_bulk_edit":0,"make_attachment_public":0,"permlevel":0,"ignore_xss_filter":0,"unique":0,"no_copy":0,"set_only_once":0,"remember_last_selected_value":0,"alignment":"","columns":0,"show_description_on_click":0,"parent":"WMS Level","parentfield":"fields","parenttype":"DocType","doctype":"DocField"},{"name":"mps3o9i4go","owner":"Administrator","creation":"2026-08-18 16:22:12.297106","modified":"2026-08-18 17:06:07.481276","modified_by":"Administrator","docstatus":0,"idx":4,"label":"Bins","fieldtype":"Table","fieldname":"bins","length":0,"precision":"","non_negative":0,"hide_days":0,"hide_seconds":0,"reqd":0,"is_virtual":0,"search_index":0,"not_nullable":0,"mask":0,"options":"WMS Bin","sort_options":0,"show_dashboard":0,"fetch_if_empty":0,"button_color":"","hidden":0,"show_on_timeline":0,"bold":0,"allow_in_quick_entry":0,"translatable":0,"print_hide":0,"print_hide_if_no_value":0,"report_hide":0,"collapsible":0,"hide_border":0,"in_list_view":0,"in_standard_filter":0,"in_preview":0,"sticky":0,"in_filter":0,"in_global_search":0,"read_only":0,"allow_on_submit":0,"ignore_user_permissions":0,"allow_bulk_edit":0,"make_attachment_public":0,"permlevel":0,"ignore_xss_filter":0,"unique":0,"no_copy":0,"set_only_once":0,"remember_last_selected_value":0,"alignment":"","columns":0,"show_description_on_click":0,"parent":"WMS Level","parentfield":"fields","parenttype":"DocType","doctype":"DocField"}],"permissions":[{"name":"94auig6vv7","owner":"Administrator","creation":"2026-08-18 16:22:12.297106","modified":"2026-08-18 17:06:07.481276","modified_by":"Administrator","docstatus":0,"idx":1,"role":"System Manager","if_owner":0,"permlevel":0,"select":0,"read":1,"write":1,"create":1,"delete":1,"submit":0,"cancel":0,"amend":0,"mask":0,"report":1,"export":1,"import":0,"share":1,"print":1,"email":1,"impersonate":0,"parent":"WMS Level","parentfield":"permissions","parenttype":"DocType","doctype":"DocPerm"}],"actions":[],"links":[],"states":[],"__unsaved":1,"autoname":"field:level_name"}', 'action': 'Save', 'cmd': 'frappe.desk.form.save.savedocs'}
2026-08-22 13:34:59,454 ERROR frappe New Exception collected in error log
Site: wms.local
Form Dict: {'cmd': 'tcb_wms.api.api.get_racks'}
2026-08-22 13:35:15,064 ERROR frappe New Exception collected in error log
Site: wms.local
Form Dict: {'cmd': 'tcb_wms.api.api.get_racks'}
2026-08-22 15:06:20,534 ERROR frappe New Exception collected in error log
Site: wms.local
Form Dict: {'cmd': 'tcb_wms.tcb_wms.api.bin.get_bins'}
2026-08-22 15:08:51,404 ERROR frappe New Exception collected in error log
Site: wms.local
Form Dict: {'cmd': 'tcb_wms.api.bin.get_bins'}
2026-08-22 15:09:38,490 ERROR frappe New Exception collected in error log
Site: wms.local
Form Dict: {'cmd': 'tcb_wms.tcb_wms.api.bin.get_bins'}
2026-08-22 15:39:31,183 ERROR frappe New Exception collected in error log
Site: wms.local
Form Dict: {'cmd': 'tcb_wms.tcb_wms.api.bin.get_bins'}
2026-08-22 15:43:15,651 ERROR frappe New Exception collected in error log
Site: wms.local
Form Dict: {'cmd': 'tcb_wms.tcb_wms.api.bin.get_bins'}
2026-08-22 15:43:23,352 ERROR frappe New Exception collected in error log
Site: wms.local
Form Dict: {'cmd': 'tcb_wms.tcb_wms.api.bin.get_bin'}
2026-08-22 15:45:38,139 ERROR frappe New Exception collected in error log
Site: wms.local
Form Dict: {'cmd': 'tcb_wms.tcb_wms.api.bin.get_bin'}
2026-08-22 17:18:07,805 ERROR frappe New Exception collected in error log
Site: wms.local
Form Dict: {'cmd': 'tcb_wms.tcb_wms.api.storage_location.get_storage_locations'}
2026-08-22 17:18:09,519 ERROR frappe New Exception collected in error log
Site: wms.local
Form Dict: {'cmd': 'tcb_wms.tcb_wms.api.storage_location.get_storage_locations'}
2026-08-22 17:18:14,573 ERROR frappe New Exception collected in error log
Site: wms.local
Form Dict: {'cmd': 'tcb_wms.tcb_wms.api.storage_location.get_storage_locations'}
2026-08-22 17:18:32,883 ERROR frappe New Exception collected in error log
Site: wms.local
Form Dict: {'cmd': 'tcb_wms.tcb_wms.api.storage_location.get_storage_locations'}
2026-08-22 17:18:48,287 ERROR frappe New Exception collected in error log
Site: wms.local
Form Dict: {'cmd': 'tcb_wms.tcb_wms.api.storage_location.get_storage_locations'}
2026-08-22 17:19:04,393 ERROR frappe New Exception collected in error log
Site: wms.local
Form Dict: {'cmd': 'tcb_wms.tcb_wms.api.storage_location.get_storage_locations'}
2026-08-22 17:19:06,845 ERROR frappe New Exception collected in error log
Site: wms.local
Form Dict: {'cmd': 'tcb_wms.tcb_wms.api.storage_location.get_storage_locations'}
2026-08-22 17:20:52,993 ERROR frappe New Exception collected in error log
Site: wms.local
Form Dict: {'cmd': 'tcb_wms.tcb_wms.api.storage_location.get_storage_locations'}
2026-08-25 13:48:08,131 ERROR frappe New Exception collected in error log
Site: wms.local
Form Dict: {'warehouse': 'WH-01', 'cmd': 'tcb_wms.tcb_wms.api.warehouse.get_warehouse_details'}
2026-08-25 14:02:01,614 ERROR frappe New Exception collected in error log
Site: wms.local
Form Dict: {'warehouse': 'WH-01', 'cmd': 'tcb_wms.tcb_wms.api.warehouse.get_warehouse_details'}
2026-08-25 14:05:11,751 ERROR frappe New Exception collected in error log
Site: wms.local
Form Dict: {'warehouse': 'Main Warehouse ', 'cmd': 'tcb_wms.tcb_wms.api.warehouse.get_warehouse_details'}
2026-08-25 14:06:04,345 ERROR frappe New Exception collected in error log
Site: wms.local
Form Dict: {'warehouse': 'Main Warehouse', 'cmd': 'tcb_wms.tcb_wms.api.warehouse.get_warehouse_details'}
2026-08-25 15:14:52,022 ERROR frappe New Exception collected in error log
Site: wms.local
Form Dict: {'warehouse': 'Main Warehouse - WD', 'cmd': 'tcb_wms.tcb_wms.api.warehouse.get_warehouse_details'}
2026-08-25 15:14:57,123 ERROR frappe New Exception collected in error log
Site: wms.local
Form Dict: {'warehouse': 'Finished Goods - WD', 'cmd': 'tcb_wms.tcb_wms.api.warehouse.get_warehouse_details'}
2026-08-25 15:15:02,252 ERROR frappe New Exception collected in error log
Site: wms.local
Form Dict: {'warehouse': 'Stores - WD', 'cmd': 'tcb_wms.tcb_wms.api.warehouse.get_warehouse_details'}
2026-08-25 15:15:10,954 ERROR frappe New Exception collected in error log
Site: wms.local
Form Dict: {'warehouse': 'Main Warehouse - WD', 'cmd': 'tcb_wms.tcb_wms.api.warehouse.get_warehouse_details'}
2026-08-25 15:22:44,010 ERROR frappe New Exception collected in error log
Site: wms.local
Form Dict: {'warehouse': 'Main Warehouse - WD', 'cmd': 'tcb_wms.tcb_wms.api.warehouse.get_warehouse_details'}
2026-08-25 15:53:07,390 ERROR frappe New Exception collected in error log
Site: wms.local
Form Dict: {'warehouse': 'Main Warehouse - WD', 'cmd': 'tcb_wms.tcb_wms.api.warehouse.get_warehouse_details'}
2026-08-25 16:05:31,014 ERROR frappe New Exception collected in error log
Site: wms.local
Form Dict: {'warehouse': 'Main Warehouse - WD', 'cmd': 'tcb_wms.tcb_wms.api.warehouse.get_warehouse_details'}
