2026-07-01 10:23:23,602 WARNING database DDL Query made to DB:
create table `tabSalary Detail` (
			name varchar(140) primary key,
			creation datetime(6),
			modified datetime(6),
			modified_by varchar(140),
			owner varchar(140),
			docstatus tinyint not null default '0',
			idx int not null default '0',
			`salary_component` varchar(140),
`abbr` varchar(140),
`amount` decimal(21,9) NOT NULL DEFAULT 0.0,
`year_to_date` decimal(21,9) NOT NULL DEFAULT 0.0,
`additional_salary` varchar(140),
`is_recurring_additional_salary` tinyint(4) NOT NULL DEFAULT 0,
`statistical_component` tinyint(4) NOT NULL DEFAULT 0,
`depends_on_payment_days` tinyint(4) NOT NULL DEFAULT 0,
`exempted_from_income_tax` tinyint(4) NOT NULL DEFAULT 0,
`is_tax_applicable` tinyint(4) NOT NULL DEFAULT 0,
`is_flexible_benefit` tinyint(4) NOT NULL DEFAULT 0,
`variable_based_on_taxable_salary` tinyint(4) NOT NULL DEFAULT 0,
`do_not_include_in_total` tinyint(4) NOT NULL DEFAULT 0,
`do_not_include_in_accounts` tinyint(4) NOT NULL DEFAULT 0,
`accrual_component` tinyint(4) NOT NULL DEFAULT 0,
`deduct_full_tax_on_selected_payroll_date` tinyint(4) NOT NULL DEFAULT 0,
`condition` longtext,
`amount_based_on_formula` tinyint(4) NOT NULL DEFAULT 0,
`formula` longtext,
`default_amount` decimal(21,9) NOT NULL DEFAULT 0.0,
`additional_amount` decimal(21,9) NOT NULL DEFAULT 0.0,
`tax_on_flexible_benefit` decimal(21,9) NOT NULL DEFAULT 0.0,
`tax_on_additional_salary` decimal(21,9) NOT NULL DEFAULT 0.0,
index `salary_component`(`salary_component`),
index `exempted_from_income_tax`(`exempted_from_income_tax`),
index `is_tax_applicable`(`is_tax_applicable`),
index `variable_based_on_taxable_salary`(`variable_based_on_taxable_salary`),
parent varchar(140),
parentfield varchar(140),
parenttype varchar(140),
index parent(parent))
			ENGINE=InnoDB
			ROW_FORMAT=DYNAMIC
			CHARACTER SET=utf8mb4
			COLLATE=utf8mb4_unicode_ci
2026-07-01 10:23:23,781 WARNING database DDL Query made to DB:
create table `tabPayroll Correction Child` (
			name varchar(140) primary key,
			creation datetime(6),
			modified datetime(6),
			modified_by varchar(140),
			owner varchar(140),
			docstatus tinyint not null default '0',
			idx int not null default '0',
			`salary_component` varchar(140),
`amount` decimal(21,9) NOT NULL DEFAULT 0.0,
parent varchar(140),
parentfield varchar(140),
parenttype varchar(140),
index parent(parent))
			ENGINE=InnoDB
			ROW_FORMAT=DYNAMIC
			CHARACTER SET=utf8mb4
			COLLATE=utf8mb4_unicode_ci
2026-07-01 10:23:23,945 WARNING database DDL Query made to DB:
create table `tabEmployee Tax Exemption Category` (
			name varchar(140) primary key,
			creation datetime(6),
			modified datetime(6),
			modified_by varchar(140),
			owner varchar(140),
			docstatus tinyint not null default '0',
			idx int not null default '0',
			`max_amount` decimal(21,9) NOT NULL DEFAULT 0.0,
`is_active` tinyint(4) NOT NULL DEFAULT 1,
`_user_tags` text,
`_comments` text,
`_assign` text,
`_liked_by` text,
index creation(creation))
			ENGINE=InnoDB
			ROW_FORMAT=DYNAMIC
			CHARACTER SET=utf8mb4
			COLLATE=utf8mb4_unicode_ci
2026-07-01 10:23:24,139 WARNING database DDL Query made to DB:
create table `tabGratuity Rule Slab` (
			name varchar(140) primary key,
			creation datetime(6),
			modified datetime(6),
			modified_by varchar(140),
			owner varchar(140),
			docstatus tinyint not null default '0',
			idx int not null default '0',
			`from_year` int(11) NOT NULL DEFAULT 0,
`to_year` int(11) NOT NULL DEFAULT 0,
`fraction_of_applicable_earnings` decimal(21,9) NOT NULL DEFAULT 0.0,
parent varchar(140),
parentfield varchar(140),
parenttype varchar(140),
index parent(parent))
			ENGINE=InnoDB
			ROW_FORMAT=DYNAMIC
			CHARACTER SET=utf8mb4
			COLLATE=utf8mb4_unicode_ci
2026-07-01 10:23:24,539 WARNING database DDL Query made to DB:
create table `tabPayroll Entry` (
			name varchar(140) primary key,
			creation datetime(6),
			modified datetime(6),
			modified_by varchar(140),
			owner varchar(140),
			docstatus tinyint not null default '0',
			idx int not null default '0',
			`posting_date` date,
`company` varchar(140),
`currency` varchar(140),
`exchange_rate` decimal(21,9) NOT NULL DEFAULT 0.0,
`payroll_payable_account` varchar(140),
`status` varchar(140),
`salary_slip_based_on_timesheet` tinyint(4) NOT NULL DEFAULT 0,
`payroll_frequency` varchar(140),
`start_date` date,
`end_date` date,
`deduct_tax_for_unsubmitted_tax_exemption_proof` tinyint(4) NOT NULL DEFAULT 0,
`branch` varchar(140),
`department` varchar(140),
`designation` varchar(140),
`grade` varchar(140),
`number_of_employees` int(11) NOT NULL DEFAULT 0,
`validate_attendance` tinyint(4) NOT NULL DEFAULT 0,
`cost_center` varchar(140),
`project` varchar(140),
`payment_account` varchar(140),
`bank_account` varchar(140),
`salary_slips_created` tinyint(4) NOT NULL DEFAULT 0,
`salary_slips_submitted` tinyint(4) NOT NULL DEFAULT 0,
`overtime_step` varchar(140),
`error_message` text,
`amended_from` varchar(140),
`_user_tags` text,
`_comments` text,
`_assign` text,
`_liked_by` text,
index creation(creation))
			ENGINE=InnoDB
			ROW_FORMAT=DYNAMIC
			CHARACTER SET=utf8mb4
			COLLATE=utf8mb4_unicode_ci
2026-07-01 10:23:24,789 WARNING database DDL Query made to DB:
create table `tabIncome Tax Slab` (
			name varchar(140) primary key,
			creation datetime(6),
			modified datetime(6),
			modified_by varchar(140),
			owner varchar(140),
			docstatus tinyint not null default '0',
			idx int not null default '0',
			`disabled` tinyint(4) NOT NULL DEFAULT 0,
`effective_from` date,
`company` varchar(140),
`currency` varchar(140),
`standard_tax_exemption_amount` decimal(21,9) NOT NULL DEFAULT 0.0,
`allow_tax_exemption` tinyint(4) NOT NULL DEFAULT 0,
`amended_from` varchar(140),
`tax_relief_limit` decimal(21,9) NOT NULL DEFAULT 0.0,
`_user_tags` text,
`_comments` text,
`_assign` text,
`_liked_by` text,
index creation(creation))
			ENGINE=InnoDB
			ROW_FORMAT=DYNAMIC
			CHARACTER SET=utf8mb4
			COLLATE=utf8mb4_unicode_ci
2026-07-01 10:23:24,970 WARNING database DDL Query made to DB:
create table `tabSalary Slip Leave` (
			name varchar(140) primary key,
			creation datetime(6),
			modified datetime(6),
			modified_by varchar(140),
			owner varchar(140),
			docstatus tinyint not null default '0',
			idx int not null default '0',
			`leave_type` varchar(140),
`total_allocated_leaves` decimal(21,9) NOT NULL DEFAULT 0.0,
`expired_leaves` decimal(21,9) NOT NULL DEFAULT 0.0,
`used_leaves` decimal(21,9) NOT NULL DEFAULT 0.0,
`pending_leaves` decimal(21,9) NOT NULL DEFAULT 0.0,
`available_leaves` decimal(21,9) NOT NULL DEFAULT 0.0,
parent varchar(140),
parentfield varchar(140),
parenttype varchar(140),
index parent(parent))
			ENGINE=InnoDB
			ROW_FORMAT=DYNAMIC
			CHARACTER SET=utf8mb4
			COLLATE=utf8mb4_unicode_ci
2026-07-01 10:23:25,153 WARNING database DDL Query made to DB:
create table `tabGratuity Rule` (
			name varchar(140) primary key,
			creation datetime(6),
			modified datetime(6),
			modified_by varchar(140),
			owner varchar(140),
			docstatus tinyint not null default '0',
			idx int not null default '0',
			`disable` tinyint(4) NOT NULL DEFAULT 0,
`calculate_gratuity_amount_based_on` varchar(140),
`total_working_days_per_year` decimal(21,9) NOT NULL DEFAULT 365.0,
`work_experience_calculation_function` varchar(140) DEFAULT 'Round off Work Experience',
`minimum_year_for_gratuity` int(11) NOT NULL DEFAULT 0,
`_user_tags` text,
`_comments` text,
`_assign` text,
`_liked_by` text,
index creation(creation))
			ENGINE=InnoDB
			ROW_FORMAT=DYNAMIC
			CHARACTER SET=utf8mb4
			COLLATE=utf8mb4_unicode_ci
2026-07-01 10:23:25,427 WARNING database DDL Query made to DB:
create table `tabSalary Component` (
			name varchar(140) primary key,
			creation datetime(6),
			modified datetime(6),
			modified_by varchar(140),
			owner varchar(140),
			docstatus tinyint not null default '0',
			idx int not null default '0',
			`salary_component` varchar(140) UNIQUE,
`salary_component_abbr` varchar(140),
`type` varchar(140),
`description` text,
`depends_on_payment_days` tinyint(4) NOT NULL DEFAULT 1,
`is_tax_applicable` tinyint(4) NOT NULL DEFAULT 1,
`deduct_full_tax_on_selected_payroll_date` tinyint(4) NOT NULL DEFAULT 0,
`variable_based_on_taxable_salary` tinyint(4) NOT NULL DEFAULT 0,
`is_income_tax_component` tinyint(4) NOT NULL DEFAULT 0,
`exempted_from_income_tax` tinyint(4) NOT NULL DEFAULT 0,
`round_to_the_nearest_integer` tinyint(4) NOT NULL DEFAULT 0,
`statistical_component` tinyint(4) NOT NULL DEFAULT 0,
`accrual_component` tinyint(4) NOT NULL DEFAULT 0,
`do_not_include_in_total` tinyint(4) NOT NULL DEFAULT 0,
`do_not_include_in_accounts` tinyint(4) NOT NULL DEFAULT 0,
`remove_if_zero_valued` tinyint(4) NOT NULL DEFAULT 1,
`arrear_component` tinyint(4) NOT NULL DEFAULT 0,
`disabled` tinyint(4) NOT NULL DEFAULT 0,
`condition` longtext,
`amount` decimal(21,9) NOT NULL DEFAULT 0.0,
`amount_based_on_formula` tinyint(4) NOT NULL DEFAULT 0,
`formula` longtext,
`is_flexible_benefit` tinyint(4) NOT NULL DEFAULT 0,
`payout_method` varchar(140),
`final_cycle_accrual_payout` tinyint(4) NOT NULL DEFAULT 0,
`max_benefit_amount` decimal(21,9) NOT NULL DEFAULT 0.0,
`_user_tags` text,
`_comments` text,
`_assign` text,
`_liked_by` text,
index `variable_based_on_taxable_salary`(`variable_based_on_taxable_salary`),
index creation(creation))
			ENGINE=InnoDB
			ROW_FORMAT=DYNAMIC
			CHARACTER SET=utf8mb4
			COLLATE=utf8mb4_unicode_ci
2026-07-01 10:23:25,652 WARNING database DDL Query made to DB:
create table `tabSalary Component Account` (
			name varchar(140) primary key,
			creation datetime(6),
			modified datetime(6),
			modified_by varchar(140),
			owner varchar(140),
			docstatus tinyint not null default '0',
			idx int not null default '0',
			`company` varchar(140),
`account` varchar(140),
parent varchar(140),
parentfield varchar(140),
parenttype varchar(140),
index parent(parent))
			ENGINE=InnoDB
			ROW_FORMAT=DYNAMIC
			CHARACTER SET=utf8mb4
			COLLATE=utf8mb4_unicode_ci
2026-07-01 10:23:25,955 WARNING database DDL Query made to DB:
create table `tabAdditional Salary` (
			name varchar(140) primary key,
			creation datetime(6),
			modified datetime(6),
			modified_by varchar(140),
			owner varchar(140),
			docstatus tinyint not null default '0',
			idx int not null default '0',
			`naming_series` varchar(140),
`employee` varchar(140),
`employee_name` varchar(140),
`department` varchar(140),
`company` varchar(140),
`is_recurring` tinyint(4) NOT NULL DEFAULT 0,
`disabled` tinyint(4) NOT NULL DEFAULT 0,
`from_date` date,
`to_date` date,
`payroll_date` date,
`amended_from` varchar(140),
`salary_component` varchar(140),
`type` varchar(140),
`currency` varchar(140),
`amount` decimal(21,9) NOT NULL DEFAULT 0.0,
`deduct_full_tax_on_selected_payroll_date` tinyint(4) NOT NULL DEFAULT 0,
`overwrite_salary_structure_amount` tinyint(4) NOT NULL DEFAULT 1,
`ref_doctype` varchar(140),
`ref_docname` varchar(140),
`_user_tags` text,
`_comments` text,
`_assign` text,
`_liked_by` text,
index `employee`(`employee`),
index `payroll_date`(`payroll_date`),
index `salary_component`(`salary_component`),
index creation(creation))
			ENGINE=InnoDB
			ROW_FORMAT=DYNAMIC
			CHARACTER SET=utf8mb4
			COLLATE=utf8mb4_unicode_ci
2026-07-01 10:23:26,225 WARNING database DDL Query made to DB:
create table `tabArrear` (
			name varchar(140) primary key,
			creation datetime(6),
			modified datetime(6),
			modified_by varchar(140),
			owner varchar(140),
			docstatus tinyint not null default '0',
			idx int not null default '0',
			`employee` varchar(140),
`employee_name` varchar(140),
`salary_structure` varchar(140),
`arrear_start_date` date,
`company` varchar(140),
`currency` varchar(140),
`payroll_period` varchar(140),
`payroll_date` date,
`amended_from` varchar(140),
`_user_tags` text,
`_comments` text,
`_assign` text,
`_liked_by` text,
index `amended_from`(`amended_from`),
index creation(creation))
			ENGINE=InnoDB
			ROW_FORMAT=DYNAMIC
			CHARACTER SET=utf8mb4
			COLLATE=utf8mb4_unicode_ci
2026-07-01 10:23:26,415 WARNING database DDL Query made to DB:
create table `tabEmployee Cost Center` (
			name varchar(140) primary key,
			creation datetime(6),
			modified datetime(6),
			modified_by varchar(140),
			owner varchar(140),
			docstatus tinyint not null default '0',
			idx int not null default '0',
			`cost_center` varchar(140),
`percentage` int(11) NOT NULL DEFAULT 0,
parent varchar(140),
parentfield varchar(140),
parenttype varchar(140),
index parent(parent))
			ENGINE=InnoDB
			ROW_FORMAT=DYNAMIC
			CHARACTER SET=utf8mb4
			COLLATE=utf8mb4_unicode_ci
2026-07-01 10:23:26,623 WARNING database DDL Query made to DB:
create table `tabEmployee Tax Exemption Sub Category` (
			name varchar(140) primary key,
			creation datetime(6),
			modified datetime(6),
			modified_by varchar(140),
			owner varchar(140),
			docstatus tinyint not null default '0',
			idx int not null default '0',
			`exemption_category` varchar(140),
`max_amount` decimal(21,9) NOT NULL DEFAULT 0.0,
`is_active` tinyint(4) NOT NULL DEFAULT 1,
`_user_tags` text,
`_comments` text,
`_assign` text,
`_liked_by` text,
index creation(creation))
			ENGINE=InnoDB
			ROW_FORMAT=DYNAMIC
			CHARACTER SET=utf8mb4
			COLLATE=utf8mb4_unicode_ci
2026-07-01 10:23:26,862 WARNING database DDL Query made to DB:
create table `tabEmployee Tax Exemption Proof Submission Detail` (
			name varchar(140) primary key,
			creation datetime(6),
			modified datetime(6),
			modified_by varchar(140),
			owner varchar(140),
			docstatus tinyint not null default '0',
			idx int not null default '0',
			`exemption_sub_category` varchar(140),
`exemption_category` varchar(140),
`max_amount` decimal(21,9) NOT NULL DEFAULT 0.0,
`amount` decimal(21,9) NOT NULL DEFAULT 0.0,
`type_of_proof` varchar(140),
`attach_proof` text,
parent varchar(140),
parentfield varchar(140),
parenttype varchar(140),
index parent(parent))
			ENGINE=InnoDB
			ROW_FORMAT=DYNAMIC
			CHARACTER SET=utf8mb4
			COLLATE=utf8mb4_unicode_ci
2026-07-01 10:23:27,028 WARNING database DDL Query made to DB:
create table `tabEmployee Benefit Detail` (
			name varchar(140) primary key,
			creation datetime(6),
			modified datetime(6),
			modified_by varchar(140),
			owner varchar(140),
			docstatus tinyint not null default '0',
			idx int not null default '0',
			`salary_component` varchar(140),
`amount` decimal(21,9) NOT NULL DEFAULT 0.0,
parent varchar(140),
parentfield varchar(140),
parenttype varchar(140),
index parent(parent))
			ENGINE=InnoDB
			ROW_FORMAT=DYNAMIC
			CHARACTER SET=utf8mb4
			COLLATE=utf8mb4_unicode_ci
2026-07-01 10:23:27,301 WARNING database DDL Query made to DB:
create table `tabEmployee Benefit Application` (
			name varchar(140) primary key,
			creation datetime(6),
			modified datetime(6),
			modified_by varchar(140),
			owner varchar(140),
			docstatus tinyint not null default '0',
			idx int not null default '0',
			`employee` varchar(140),
`employee_name` varchar(140),
`department` varchar(140),
`date` date,
`payroll_period` varchar(140),
`company` varchar(140),
`amended_from` varchar(140),
`currency` varchar(140),
`max_benefits` decimal(21,9) NOT NULL DEFAULT 0.0,
`remaining_benefit` decimal(21,9) NOT NULL DEFAULT 0.0,
`total_amount` decimal(21,9) NOT NULL DEFAULT 0.0,
`_user_tags` text,
`_comments` text,
`_assign` text,
`_liked_by` text,
index creation(creation))
			ENGINE=InnoDB
			ROW_FORMAT=DYNAMIC
			CHARACTER SET=utf8mb4
			COLLATE=utf8mb4_unicode_ci
2026-07-01 10:23:27,661 WARNING database DDL Query made to DB:
create table `tabSalary Structure` (
			name varchar(140) primary key,
			creation datetime(6),
			modified datetime(6),
			modified_by varchar(140),
			owner varchar(140),
			docstatus tinyint not null default '0',
			idx int not null default '0',
			`company` varchar(140),
`letter_head` varchar(140),
`is_active` varchar(140) DEFAULT 'Yes',
`is_default` varchar(140) DEFAULT 'No',
`currency` varchar(140),
`amended_from` varchar(140),
`leave_encashment_amount_per_day` decimal(21,9) NOT NULL DEFAULT 0.0,
`max_benefits` decimal(21,9) NOT NULL DEFAULT 0.0,
`salary_slip_based_on_timesheet` tinyint(4) NOT NULL DEFAULT 0,
`payroll_frequency` varchar(140) DEFAULT 'Monthly',
`salary_component` varchar(140),
`hour_rate` decimal(21,9) NOT NULL DEFAULT 0.0,
`total_earning` decimal(21,9) NOT NULL DEFAULT 0.0,
`total_deduction` decimal(21,9) NOT NULL DEFAULT 0.0,
`net_pay` decimal(21,9) NOT NULL DEFAULT 0.0,
`mode_of_payment` varchar(140),
`payment_account` varchar(140),
`_user_tags` text,
`_comments` text,
`_assign` text,
`_liked_by` text,
index `company`(`company`),
index `currency`(`currency`),
index `salary_slip_based_on_timesheet`(`salary_slip_based_on_timesheet`),
index `payroll_frequency`(`payroll_frequency`),
index creation(creation))
			ENGINE=InnoDB
			ROW_FORMAT=DYNAMIC
			CHARACTER SET=utf8mb4
			COLLATE=utf8mb4_unicode_ci
2026-07-01 10:23:27,853 WARNING database DDL Query made to DB:
create table `tabPayroll Employee Detail` (
			name varchar(140) primary key,
			creation datetime(6),
			modified datetime(6),
			modified_by varchar(140),
			owner varchar(140),
			docstatus tinyint not null default '0',
			idx int not null default '0',
			`employee` varchar(140),
`employee_name` varchar(140),
`department` varchar(140),
`designation` varchar(140),
`is_salary_withheld` tinyint(4) NOT NULL DEFAULT 0,
parent varchar(140),
parentfield varchar(140),
parenttype varchar(140),
index parent(parent))
			ENGINE=InnoDB
			ROW_FORMAT=DYNAMIC
			CHARACTER SET=utf8mb4
			COLLATE=utf8mb4_unicode_ci
2026-07-01 10:23:28,054 WARNING database DDL Query made to DB:
create table `tabGratuity Applicable Component` (
			name varchar(140) primary key,
			creation datetime(6),
			modified datetime(6),
			modified_by varchar(140),
			owner varchar(140),
			docstatus tinyint not null default '0',
			idx int not null default '0',
			`salary_component` varchar(140),
parent varchar(140),
parentfield varchar(140),
parenttype varchar(140),
index parent(parent))
			ENGINE=InnoDB
			ROW_FORMAT=DYNAMIC
			CHARACTER SET=utf8mb4
			COLLATE=utf8mb4_unicode_ci
2026-07-01 10:23:28,274 WARNING database DDL Query made to DB:
create table `tabPayroll Correction` (
			name varchar(140) primary key,
			creation datetime(6),
			modified datetime(6),
			modified_by varchar(140),
			owner varchar(140),
			docstatus tinyint not null default '0',
			idx int not null default '0',
			`amended_from` varchar(140),
`employee` varchar(140),
`employee_name` varchar(140),
`payroll_date` date,
`company` varchar(140),
`payroll_period` varchar(140),
`currency` varchar(140),
`month_for_lwp_reversal` varchar(140),
`working_days` decimal(21,9) NOT NULL DEFAULT 0.0,
`payment_days` decimal(21,9) NOT NULL DEFAULT 0.0,
`lwp_days` decimal(21,9) NOT NULL DEFAULT 0.0,
`salary_slip_reference` varchar(140),
`days_to_reverse` decimal(21,9) NOT NULL DEFAULT 0.0,
`_user_tags` text,
`_comments` text,
`_assign` text,
`_liked_by` text,
index `amended_from`(`amended_from`),
index creation(creation),
index modified(modified))
			ENGINE=InnoDB
			ROW_FORMAT=DYNAMIC
			CHARACTER SET=utf8mb4
			COLLATE=utf8mb4_unicode_ci
2026-07-01 10:23:28,387 WARNING database DDL Query made to DB:
create table `tabEmployee Tax Exemption Declaration` (
			name varchar(140) primary key,
			creation datetime(6),
			modified datetime(6),
			modified_by varchar(140),
			owner varchar(140),
			docstatus tinyint not null default '0',
			idx int not null default '0',
			`employee` varchar(140),
`employee_name` varchar(140),
`department` varchar(140),
`company` varchar(140),
`payroll_period` varchar(140),
`currency` varchar(140),
`amended_from` varchar(140),
`total_declared_amount` decimal(21,9) NOT NULL DEFAULT 0.0,
`total_exemption_amount` decimal(21,9) NOT NULL DEFAULT 0.0,
`_user_tags` text,
`_comments` text,
`_assign` text,
`_liked_by` text,
index creation(creation))
			ENGINE=InnoDB
			ROW_FORMAT=DYNAMIC
			CHARACTER SET=utf8mb4
			COLLATE=utf8mb4_unicode_ci
2026-07-01 10:23:28,506 WARNING database DDL Query made to DB:
create table `tabEmployee Other Income` (
			name varchar(140) primary key,
			creation datetime(6),
			modified datetime(6),
			modified_by varchar(140),
			owner varchar(140),
			docstatus tinyint not null default '0',
			idx int not null default '0',
			`employee` varchar(140),
`employee_name` varchar(140),
`amended_from` varchar(140),
`company` varchar(140),
`payroll_period` varchar(140),
`source` varchar(140),
`amount` decimal(21,9) NOT NULL DEFAULT 0.0,
`_user_tags` text,
`_comments` text,
`_assign` text,
`_liked_by` text,
index `employee`(`employee`),
index `company`(`company`),
index `payroll_period`(`payroll_period`),
index creation(creation))
			ENGINE=InnoDB
			ROW_FORMAT=DYNAMIC
			CHARACTER SET=utf8mb4
			COLLATE=utf8mb4_unicode_ci
2026-07-01 10:23:28,742 WARNING database DDL Query made to DB:
create table `tabEmployee Benefit Ledger` (
			name varchar(140) primary key,
			creation datetime(6),
			modified datetime(6),
			modified_by varchar(140),
			owner varchar(140),
			docstatus tinyint not null default '0',
			idx int not null default '0',
			`posting_date` date,
`employee` varchar(140),
`employee_name` varchar(140),
`salary_component` varchar(140),
`company` varchar(140),
`payroll_period` varchar(140),
`reference_doctype` varchar(140),
`reference_document` varchar(140),
`salary_slip` varchar(140),
`transaction_type` varchar(140),
`amount` decimal(21,9) NOT NULL DEFAULT 0.0,
`flexible_benefit` tinyint(4) NOT NULL DEFAULT 0,
`yearly_benefit` decimal(21,9) NOT NULL DEFAULT 0.0,
`remarks` varchar(140),
`_user_tags` text,
`_comments` text,
`_assign` text,
`_liked_by` text,
index `employee`(`employee`),
index `salary_component`(`salary_component`),
index `payroll_period`(`payroll_period`),
index creation(creation))
			ENGINE=InnoDB
			ROW_FORMAT=DYNAMIC
			CHARACTER SET=utf8mb4
			COLLATE=utf8mb4_unicode_ci
2026-07-01 10:23:28,934 WARNING database DDL Query made to DB:
create table `tabEmployee Benefit Application Detail` (
			name varchar(140) primary key,
			creation datetime(6),
			modified datetime(6),
			modified_by varchar(140),
			owner varchar(140),
			docstatus tinyint not null default '0',
			idx int not null default '0',
			`salary_component` varchar(140),
`max_benefit_amount` decimal(21,9) NOT NULL DEFAULT 0.0,
`amount` decimal(21,9) NOT NULL DEFAULT 0.0,
parent varchar(140),
parentfield varchar(140),
parenttype varchar(140),
index parent(parent))
			ENGINE=InnoDB
			ROW_FORMAT=DYNAMIC
			CHARACTER SET=utf8mb4
			COLLATE=utf8mb4_unicode_ci
2026-07-01 10:23:29,055 WARNING database DDL Query made to DB:
create table `tabGratuity` (
			name varchar(140) primary key,
			creation datetime(6),
			modified datetime(6),
			modified_by varchar(140),
			owner varchar(140),
			docstatus tinyint not null default '0',
			idx int not null default '0',
			`employee` varchar(140),
`employee_name` varchar(140),
`department` varchar(140),
`designation` varchar(140),
`current_work_experience` decimal(21,9) NOT NULL DEFAULT 0.0,
`posting_date` date,
`gratuity_rule` varchar(140),
`status` varchar(140) DEFAULT 'Draft',
`company` varchar(140),
`amended_from` varchar(140),
`pay_via_salary_slip` tinyint(4) NOT NULL DEFAULT 1,
`amount` decimal(21,9) NOT NULL DEFAULT 0.0,
`paid_amount` decimal(21,9) NOT NULL DEFAULT 0.0,
`payroll_date` date,
`salary_component` varchar(140),
`cost_center` varchar(140),
`mode_of_payment` varchar(140),
`expense_account` varchar(140),
`payable_account` varchar(140),
`_user_tags` text,
`_comments` text,
`_assign` text,
`_liked_by` text,
index `employee`(`employee`),
index creation(creation))
			ENGINE=InnoDB
			ROW_FORMAT=DYNAMIC
			CHARACTER SET=utf8mb4
			COLLATE=utf8mb4_unicode_ci
2026-07-01 10:23:29,180 WARNING database DDL Query made to DB:
create table `tabSalary Withholding` (
			name varchar(140) primary key,
			creation datetime(6),
			modified datetime(6),
			modified_by varchar(140),
			owner varchar(140),
			docstatus tinyint not null default '0',
			idx int not null default '0',
			`employee` varchar(140),
`employee_name` varchar(140),
`company` varchar(140),
`posting_date` date,
`payroll_frequency` varchar(140),
`number_of_withholding_cycles` int(11) NOT NULL DEFAULT 0,
`status` varchar(140) DEFAULT 'Draft',
`from_date` date,
`to_date` date,
`date_of_joining` date,
`relieving_date` date,
`reason_for_withholding_salary` text,
`amended_from` varchar(140),
`_user_tags` text,
`_comments` text,
`_assign` text,
`_liked_by` text,
index `employee`(`employee`),
index `amended_from`(`amended_from`),
index creation(creation))
			ENGINE=InnoDB
			ROW_FORMAT=DYNAMIC
			CHARACTER SET=utf8mb4
			COLLATE=utf8mb4_unicode_ci
2026-07-01 10:23:29,442 WARNING database DDL Query made to DB:
create table `tabSalary Slip Loan` (
			name varchar(140) primary key,
			creation datetime(6),
			modified datetime(6),
			modified_by varchar(140),
			owner varchar(140),
			docstatus tinyint not null default '0',
			idx int not null default '0',
			`loan` varchar(140),
`loan_product` varchar(140),
`loan_account` varchar(140),
`interest_income_account` varchar(140),
`principal_amount` decimal(21,9) NOT NULL DEFAULT 0.0,
`interest_amount` decimal(21,9) NOT NULL DEFAULT 0.0,
`total_payment` decimal(21,9) NOT NULL DEFAULT 0.0,
`loan_repayment_entry` varchar(140),
parent varchar(140),
parentfield varchar(140),
parenttype varchar(140),
index parent(parent))
			ENGINE=InnoDB
			ROW_FORMAT=DYNAMIC
			CHARACTER SET=utf8mb4
			COLLATE=utf8mb4_unicode_ci
2026-07-01 10:23:29,619 WARNING database DDL Query made to DB:
create table `tabIncome Tax Slab Other Charges` (
			name varchar(140) primary key,
			creation datetime(6),
			modified datetime(6),
			modified_by varchar(140),
			owner varchar(140),
			docstatus tinyint not null default '0',
			idx int not null default '0',
			`description` varchar(140),
`percent` decimal(21,9) NOT NULL DEFAULT 0.0,
`min_taxable_income` decimal(21,9) NOT NULL DEFAULT 0.0,
`max_taxable_income` decimal(21,9) NOT NULL DEFAULT 0.0,
parent varchar(140),
parentfield varchar(140),
parenttype varchar(140),
index parent(parent))
			ENGINE=InnoDB
			ROW_FORMAT=DYNAMIC
			CHARACTER SET=utf8mb4
			COLLATE=utf8mb4_unicode_ci
2026-07-01 10:23:29,846 WARNING database DDL Query made to DB:
create table `tabEmployee Incentive` (
			name varchar(140) primary key,
			creation datetime(6),
			modified datetime(6),
			modified_by varchar(140),
			owner varchar(140),
			docstatus tinyint not null default '0',
			idx int not null default '0',
			`employee` varchar(140),
`employee_name` varchar(140),
`amended_from` varchar(140),
`company` varchar(140),
`department` varchar(140),
`salary_component` varchar(140),
`currency` varchar(140),
`payroll_date` date,
`incentive_amount` decimal(21,9) NOT NULL DEFAULT 0.0,
`_user_tags` text,
`_comments` text,
`_assign` text,
`_liked_by` text,
index creation(creation))
			ENGINE=InnoDB
			ROW_FORMAT=DYNAMIC
			CHARACTER SET=utf8mb4
			COLLATE=utf8mb4_unicode_ci
2026-07-01 10:23:33,864 WARNING database DDL Query made to DB:
ALTER TABLE `tabTask` ADD COLUMN `total_expense_claim` decimal(21,9) NOT NULL DEFAULT 0.0
2026-07-01 10:23:33,934 WARNING database DDL Query made to DB:
ALTER TABLE `tabProject` ADD COLUMN `total_expense_claim` decimal(21,9) NOT NULL DEFAULT 0.0
2026-07-01 10:23:34,068 WARNING database DDL Query made to DB:
ALTER TABLE `tabCompany` ADD COLUMN `default_expense_claim_payable_account` varchar(140), ADD COLUMN `default_employee_advance_account` varchar(140), ADD COLUMN `default_payroll_payable_account` varchar(140)
2026-07-01 10:23:34,133 WARNING database DDL Query made to DB:
ALTER TABLE `tabDesignation` ADD COLUMN `appraisal_template` varchar(140)
2026-07-01 10:23:34,209 WARNING database DDL Query made to DB:
ALTER TABLE `tabTimesheet` ADD COLUMN `salary_slip` varchar(140)
2026-07-01 10:23:34,299 WARNING database DDL Query made to DB:
ALTER TABLE `tabDepartment` ADD COLUMN `payroll_cost_center` varchar(140), ADD COLUMN `leave_block_list` varchar(140)
2026-07-01 10:23:34,354 WARNING database DDL Query made to DB:
ALTER TABLE `tabTerms and Conditions` ADD COLUMN `hr` tinyint(4) NOT NULL DEFAULT 1
2026-07-01 10:23:34,521 WARNING database DDL Query made to DB:
ALTER TABLE `tabEmployee` ADD COLUMN `employment_type` varchar(140), ADD COLUMN `grade` varchar(140), ADD COLUMN `default_shift` varchar(140), ADD COLUMN `expense_approver` varchar(140), ADD COLUMN `leave_approver` varchar(140), ADD COLUMN `shift_request_approver` varchar(140), ADD COLUMN `employee_advance_account` varchar(140), ADD COLUMN `payroll_cost_center` varchar(140), ADD COLUMN `health_insurance_provider` varchar(140), ADD COLUMN `health_insurance_no` varchar(140), ADD COLUMN `job_applicant` varchar(140)
2026-07-01 10:44:10,362 WARNING database DDL Query made to DB:
ALTER TABLE `tabEmployee` ADD COLUMN `pan_number` varchar(140), ADD COLUMN `provident_fund_account` varchar(140), ADD COLUMN `ifsc_code` varchar(140), ADD COLUMN `micr_code` varchar(140)
2026-07-01 10:44:10,419 WARNING database DDL Query made to DB:
ALTER TABLE `tabEmployee Tax Exemption Declaration` ADD COLUMN `monthly_house_rent` decimal(21,9) NOT NULL DEFAULT 0.0, ADD COLUMN `rented_in_metro_city` tinyint(4) NOT NULL DEFAULT 0, ADD COLUMN `salary_structure_hra` decimal(21,9) NOT NULL DEFAULT 0.0, ADD COLUMN `annual_hra_exemption` decimal(21,9) NOT NULL DEFAULT 0.0, ADD COLUMN `monthly_hra_exemption` decimal(21,9) NOT NULL DEFAULT 0.0
2026-07-01 10:44:10,468 WARNING database DDL Query made to DB:
ALTER TABLE `tabIncome Tax Slab` ADD COLUMN `marginal_relief_limit` decimal(21,9) NOT NULL DEFAULT 0.0
2026-07-01 10:44:10,521 WARNING database DDL Query made to DB:
ALTER TABLE `tabSalary Component` ADD COLUMN `component_type` varchar(140)
2026-07-01 10:44:10,576 WARNING database DDL Query made to DB:
ALTER TABLE `tabEmployee Tax Exemption Proof Submission` ADD COLUMN `house_rent_payment_amount` decimal(21,9) NOT NULL DEFAULT 0.0, ADD COLUMN `rented_in_metro_city` tinyint(4) NOT NULL DEFAULT 0, ADD COLUMN `rented_from_date` date, ADD COLUMN `rented_to_date` date, ADD COLUMN `monthly_house_rent` decimal(21,9) NOT NULL DEFAULT 0.0, ADD COLUMN `monthly_hra_exemption` decimal(21,9) NOT NULL DEFAULT 0.0, ADD COLUMN `total_eligible_hra_exemption` decimal(21,9) NOT NULL DEFAULT 0.0
2026-07-01 10:44:10,664 WARNING database DDL Query made to DB:
ALTER TABLE `tabCompany` ADD COLUMN `basic_component` varchar(140), ADD COLUMN `hra_component` varchar(140), ADD COLUMN `arrear_component` varchar(140)
2026-07-03 15:46:59,967 WARNING database DDL Query made to DB:
ALTER TABLE `tabAddress` ADD COLUMN `custom_is_your_company_address` tinyint(4) NOT NULL DEFAULT 0
2026-07-03 15:47:07,446 WARNING database DDL Query made to DB:
ALTER TABLE `tabAddress`
				CHANGE COLUMN `custom_is_your_company_address`
				`is_your_company_address`
				tinyint(4)
2026-07-03 17:31:05,710 WARNING database DDL Query made to DB:
ALTER TABLE `tabContact` ADD COLUMN `custom_is_billing_contact` tinyint(4) NOT NULL DEFAULT 0
2026-07-03 17:31:36,453 WARNING database DDL Query made to DB:
ALTER TABLE `tabContact`
				CHANGE COLUMN `custom_is_billing_contact`
				`is_billing_contact`
				tinyint(4)
2026-07-30 12:49:48,671 WARNING database DDL Query made to DB:
ALTER TABLE `tabPurchase Order` ADD COLUMN `workflow_state` varchar(140)
